******************************************************************************
                  TI ARM Linker PC v18.1.4                     
******************************************************************************
>> Linked Fri Dec 28 07:46:16 2018

OUTPUT FILE NAME:   <BLmotordriver.out>
ENTRY POINT SYMBOL: "_c_int00_noargs"  address: 00000841


MEMORY CONFIGURATION

         name            origin    length      used     unused   attr    fill
----------------------  --------  ---------  --------  --------  ----  --------
  MAIN                  00000000   00040000  00000962  0003f69e  R  X
  INFO                  00200000   00004000  00000000  00004000  R  X
  SRAM_CODE             01000000   00010000  00000243  0000fdbd  RW X
  SRAM_DATA             20000000   00010000  00000243  0000fdbd  RW  


SEGMENT ALLOCATION MAP

run origin  load origin   length   init length attrs members
----------  ----------- ---------- ----------- ----- -------
00000000    00000000    00000968   00000968    r-x
  00000000    00000000    000000e4   000000e4    r-- .intvecs
  000000e4    000000e4    0000082e   0000082e    r-x .text
  00000918    00000918    00000050   00000050    r-- .cinit
20000000    20000000    00000043   00000000    rw-
  20000000    20000000    00000038   00000000    rw- .data
  20000038    20000038    0000000b   00000000    rw- .bss
2000fe00    2000fe00    00000200   00000000    rw-
  2000fe00    2000fe00    00000200   00000000    rw- .stack


SECTION ALLOCATION MAP

 output                                  attributes/
section   page    origin      length       input sections
--------  ----  ----------  ----------   ----------------
.intvecs   0    00000000    000000e4     
                  00000000    000000e4     startup_msp432p401r_ccs.obj (.intvecs:retain)

.text      0    000000e4    0000082e     
                  000000e4    000001f4     motordriver.obj (.text:pwmControl)
                  000002d8    000001b0     motordriver.obj (.text:motordriver_init)
                  00000488    0000015c     motordriver.obj (.text:TA0_N_IRQHandler)
                  000005e4    0000009c     rtsv7M4_T_le_v4SPD16_eabi.lib : memcpy_t2.asm.obj (.text)
                  00000680    00000078     system_msp432p401r.obj (.text:SystemInit)
                  000006f8    00000068     rtsv7M4_T_le_v4SPD16_eabi.lib : copy_decompress_lzss.c.obj (.text:decompress:lzss:__TI_decompress_lzss)
                  00000760    0000004e     timer_a.obj (.text:Timer_A_initCompare)
                  000007ae    0000004c     timer_a.obj (.text:Timer_A_getCounterValue)
                  000007fa    00000002     startup_msp432p401r_ccs.obj (.text:Default_Handler)
                  000007fc    00000044     rtsv7M4_T_le_v4SPD16_eabi.lib : autoinit.c.obj (.text:__TI_auto_init_nobinit_nopinit:__TI_auto_init_nobinit_nopinit)
                  00000840    00000038                                   : boot_cortex_m.c.obj (.text:_c_int00_noargs:_c_int00_noargs)
                  00000878    00000028     timer_a.obj (.text:Timer_A_setCompareValue)
                  000008a0    00000020     motordriver.obj (.text:incrementTimerCompare)
                  000008c0    00000016     timer_a.obj (.text:Timer_A_startCounter)
                  000008d6    00000012     rtsv7M4_T_le_v4SPD16_eabi.lib : copy_zero_init.c.obj (.text:decompress:ZI:__TI_zero_init_nomemset:__TI_zero_init_nomemset)
                  000008e8    0000000e                                   : copy_decompress_none.c.obj (.text:decompress:none:__TI_decompress_none)
                  000008f6    0000000c     startup_msp432p401r_ccs.obj (.text:Reset_Handler)
                  00000902    00000008     main.obj (.text:main)
                  0000090a    00000004     rtsv7M4_T_le_v4SPD16_eabi.lib : pre_init.c.obj (.text:_system_pre_init)
                  0000090e    00000004                                   : exit.c.obj (.text:abort:abort)

.cinit     0    00000918    00000050     
                  00000918    0000002c     (.cinit..data.load) [load image, compression = lzss]
                  00000944    0000000c     (__TI_handler_table)
                  00000950    00000008     (.cinit..bss.load) [load image, compression = zero_init]
                  00000958    00000010     (__TI_cinit_table)

.init_array 
*          0    00000000    00000000     UNINITIALIZED

.binit     0    00000000    00000000     

.data      0    20000000    00000038     UNINITIALIZED
                  20000000    00000010     motordriver.obj (.data:timerA0)
                  20000010    00000010     motordriver.obj (.data:timerA0_compare)
                  20000020    0000000c     motordriver.obj (.data:PWMpins)
                  2000002c    0000000c     motordriver.obj (.data:pins)

.bss       0    20000038    0000000b     UNINITIALIZED
                  20000038    00000002     (.common:dutycycle)
                  2000003a    00000002     (.common:dutycyclestep)
                  2000003c    00000002     (.common:pulsecount)
                  2000003e    00000002     (.common:pulsewidth)
                  20000040    00000002     (.common:wantedpulsewidth)
                  20000042    00000001     (.common:state)

.stack     0    2000fe00    00000200     UNINITIALIZED
                  2000fe00    00000004     rtsv7M4_T_le_v4SPD16_eabi.lib : boot_cortex_m.c.obj (.stack)
                  2000fe04    000001fc     --HOLE--

MODULE SUMMARY

       Module                        code   ro data   rw data
       ------                        ----   -------   -------
    .\
       motordriver.obj               1312   0         112    
       timer_a.obj                   216    0         0      
       system_msp432p401r.obj        120    0         0      
       main.obj                      8      0         22     
    +--+-----------------------------+------+---------+---------+
       Total:                        1656   0         134    
                                                             
    .\ccs\
       startup_msp432p401r_ccs.obj   14     228       0      
    +--+-----------------------------+------+---------+---------+
       Total:                        14     228       0      
                                                             
    C:\ti\ccsv8\tools\compiler\ti-cgt-arm_18.1.4.LTS\lib\rtsv7M4_T_le_v4SPD16_eabi.lib
       memcpy_t2.asm.obj             156    0         0      
       copy_decompress_lzss.c.obj    104    0         0      
       autoinit.c.obj                68     0         0      
       boot_cortex_m.c.obj           56     0         0      
       copy_zero_init.c.obj          18     0         0      
       copy_decompress_none.c.obj    14     0         0      
       exit.c.obj                    4      0         0      
       pre_init.c.obj                4      0         0      
    +--+-----------------------------+------+---------+---------+
       Total:                        424    0         0      
                                                             
       Stack:                        0      0         1024   
       Linker Generated:             0      80        0      
    +--+-----------------------------+------+---------+---------+
       Grand Total:                  2094   308       1158   


LINKER GENERATED COPY TABLES

__TI_cinit_table @ 00000958 records: 2, size/record: 8, table size: 16
	.data: load addr=00000918, load size=0000002c bytes, run addr=20000000, run size=00000038 bytes, compression=lzss
	.bss: load addr=00000950, load size=00000008 bytes, run addr=20000038, run size=0000000b bytes, compression=zero_init


LINKER GENERATED HANDLER TABLE

__TI_handler_table @ 00000944 records: 3, size/record: 4, table size: 12
	index: 0, handler: __TI_decompress_lzss
	index: 1, handler: __TI_decompress_none
	index: 2, handler: __TI_zero_init


GLOBAL SYMBOLS: SORTED ALPHABETICALLY BY Name 

address   name                          
-------   ----                          
000007fb  ADC14_IRQHandler              
000007fb  AES256_IRQHandler             
000007fb  BusFault_Handler              
0000090f  C$$EXIT                       
000007fb  COMP_E0_IRQHandler            
000007fb  COMP_E1_IRQHandler            
000007fb  CS_IRQHandler                 
000007fb  DMA_ERR_IRQHandler            
000007fb  DMA_INT0_IRQHandler           
000007fb  DMA_INT1_IRQHandler           
000007fb  DMA_INT2_IRQHandler           
000007fb  DMA_INT3_IRQHandler           
000007fb  DebugMon_Handler              
000007fb  Default_Handler               
000007fb  EUSCIA0_IRQHandler            
000007fb  EUSCIA1_IRQHandler            
000007fb  EUSCIA2_IRQHandler            
000007fb  EUSCIA3_IRQHandler            
000007fb  EUSCIB0_IRQHandler            
000007fb  EUSCIB1_IRQHandler            
000007fb  EUSCIB2_IRQHandler            
000007fb  EUSCIB3_IRQHandler            
000007fb  FLCTL_IRQHandler              
000007fb  FPU_IRQHandler                
000007fb  HardFault_Handler             
000007fb  MemManage_Handler             
000007fb  NMI_Handler                   
000007fb  PCM_IRQHandler                
000007fb  PORT1_IRQHandler              
000007fb  PORT2_IRQHandler              
000007fb  PORT3_IRQHandler              
000007fb  PORT4_IRQHandler              
000007fb  PORT5_IRQHandler              
000007fb  PORT6_IRQHandler              
000007fb  PSS_IRQHandler                
20000020  PWMpins                       
000007fb  PendSV_Handler                
000007fb  RTC_C_IRQHandler              
000008f7  Reset_Handler                 
000007fb  SVC_Handler                   
000007fb  SysTick_Handler               
00000681  SystemInit                    
000007fb  T32_INT1_IRQHandler           
000007fb  T32_INT2_IRQHandler           
000007fb  T32_INTC_IRQHandler           
000007fb  TA0_0_IRQHandler              
00000489  TA0_N_IRQHandler              
00000489  TA0_N_IRQHandler              
000007fb  TA1_0_IRQHandler              
000007fb  TA1_N_IRQHandler              
000007fb  TA2_0_IRQHandler              
000007fb  TA2_N_IRQHandler              
000007fb  TA3_0_IRQHandler              
000007fb  TA3_N_IRQHandler              
000007af  Timer_A_getCounterValue       
00000761  Timer_A_initCompare           
00000879  Timer_A_setCompareValue       
000008c1  Timer_A_startCounter          
000007fb  UsageFault_Handler            
4000480c  WDTCTL_SYM                    
000007fb  WDT_A_IRQHandler              
20010000  __STACK_END                   
00000200  __STACK_SIZE                  
00000958  __TI_CINIT_Base               
00000968  __TI_CINIT_Limit              
00000944  __TI_Handler_Table_Base       
00000950  __TI_Handler_Table_Limit      
000007fd  __TI_auto_init_nobinit_nopinit
000006f9  __TI_decompress_lzss          
000008e9  __TI_decompress_none          
ffffffff  __TI_pprof_out_hndl           
ffffffff  __TI_prof_data_size           
ffffffff  __TI_prof_data_start          
00000000  __TI_static_base__            
000008d7  __TI_zero_init_nomemset       
000005e5  __aeabi_memcpy                
000005e5  __aeabi_memcpy4               
000005e5  __aeabi_memcpy8               
ffffffff  __binit__                     
ffffffff  __c_args__                    
UNDEFED   __mpu_init                    
2000fe00  __stack                       
00000841  _c_int00_noargs               
UNDEFED   _system_post_cinit            
0000090b  _system_pre_init              
0000090f  abort                         
ffffffff  binit                         
20000038  dutycycle                     
2000003a  dutycyclestep                 
000008a1  incrementTimerCompare         
00000000  interruptVectors              
00000903  main                          
000005e5  memcpy                        
000002d9  motordriver_init              
2000002c  pins                          
2000003c  pulsecount                    
2000003e  pulsewidth                    
000000e5  pwmControl                    
20000042  state                         
20000000  timerA0                       
20000010  timerA0_compare               
20000040  wantedpulsewidth              


GLOBAL SYMBOLS: SORTED BY Symbol Address 

address   name                          
-------   ----                          
00000000  __TI_static_base__            
00000000  interruptVectors              
000000e5  pwmControl                    
00000200  __STACK_SIZE                  
000002d9  motordriver_init              
00000489  TA0_N_IRQHandler              
00000489  TA0_N_IRQHandler              
000005e5  __aeabi_memcpy                
000005e5  __aeabi_memcpy4               
000005e5  __aeabi_memcpy8               
000005e5  memcpy                        
00000681  SystemInit                    
000006f9  __TI_decompress_lzss          
00000761  Timer_A_initCompare           
000007af  Timer_A_getCounterValue       
000007fb  ADC14_IRQHandler              
000007fb  AES256_IRQHandler             
000007fb  BusFault_Handler              
000007fb  COMP_E0_IRQHandler            
000007fb  COMP_E1_IRQHandler            
000007fb  CS_IRQHandler                 
000007fb  DMA_ERR_IRQHandler            
000007fb  DMA_INT0_IRQHandler           
000007fb  DMA_INT1_IRQHandler           
000007fb  DMA_INT2_IRQHandler           
000007fb  DMA_INT3_IRQHandler           
000007fb  DebugMon_Handler              
000007fb  Default_Handler               
000007fb  EUSCIA0_IRQHandler            
000007fb  EUSCIA1_IRQHandler            
000007fb  EUSCIA2_IRQHandler            
000007fb  EUSCIA3_IRQHandler            
000007fb  EUSCIB0_IRQHandler            
000007fb  EUSCIB1_IRQHandler            
000007fb  EUSCIB2_IRQHandler            
000007fb  EUSCIB3_IRQHandler            
000007fb  FLCTL_IRQHandler              
000007fb  FPU_IRQHandler                
000007fb  HardFault_Handler             
000007fb  MemManage_Handler             
000007fb  NMI_Handler                   
000007fb  PCM_IRQHandler                
000007fb  PORT1_IRQHandler              
000007fb  PORT2_IRQHandler              
000007fb  PORT3_IRQHandler              
000007fb  PORT4_IRQHandler              
000007fb  PORT5_IRQHandler              
000007fb  PORT6_IRQHandler              
000007fb  PSS_IRQHandler                
000007fb  PendSV_Handler                
000007fb  RTC_C_IRQHandler              
000007fb  SVC_Handler                   
000007fb  SysTick_Handler               
000007fb  T32_INT1_IRQHandler           
000007fb  T32_INT2_IRQHandler           
000007fb  T32_INTC_IRQHandler           
000007fb  TA0_0_IRQHandler              
000007fb  TA1_0_IRQHandler              
000007fb  TA1_N_IRQHandler              
000007fb  TA2_0_IRQHandler              
000007fb  TA2_N_IRQHandler              
000007fb  TA3_0_IRQHandler              
000007fb  TA3_N_IRQHandler              
000007fb  UsageFault_Handler            
000007fb  WDT_A_IRQHandler              
000007fd  __TI_auto_init_nobinit_nopinit
00000841  _c_int00_noargs               
00000879  Timer_A_setCompareValue       
000008a1  incrementTimerCompare         
000008c1  Timer_A_startCounter          
000008d7  __TI_zero_init_nomemset       
000008e9  __TI_decompress_none          
000008f7  Reset_Handler                 
00000903  main                          
0000090b  _system_pre_init              
0000090f  C$$EXIT                       
0000090f  abort                         
00000944  __TI_Handler_Table_Base       
00000950  __TI_Handler_Table_Limit      
00000958  __TI_CINIT_Base               
00000968  __TI_CINIT_Limit              
20000000  timerA0                       
20000010  timerA0_compare               
20000020  PWMpins                       
2000002c  pins                          
20000038  dutycycle                     
2000003a  dutycyclestep                 
2000003c  pulsecount                    
2000003e  pulsewidth                    
20000040  wantedpulsewidth              
20000042  state                         
2000fe00  __stack                       
20010000  __STACK_END                   
4000480c  WDTCTL_SYM                    
ffffffff  __TI_pprof_out_hndl           
ffffffff  __TI_prof_data_size           
ffffffff  __TI_prof_data_start          
ffffffff  __binit__                     
ffffffff  __c_args__                    
ffffffff  binit                         
UNDEFED   __mpu_init                    
UNDEFED   _system_post_cinit            

[102 symbols]
