<?xml version="1.0" encoding="ISO-8859-1" ?>
<link_info>
   <banner>TI ARM Linker PC v18.1.4.LTS</banner>
   <copyright>Copyright (c) 1996-2018 Texas Instruments Incorporated</copyright>
   <link_time>0x5c264126</link_time>
   <link_errors>0x0</link_errors>
   <output_file>driverlib_empty_project_from_source_MSP_EXP432P401R_nortos_ccs.out</output_file>
   <entry_point>
      <name>_c_int00_noargs</name>
      <address>0x801</address>
   </entry_point>
   <input_file_list>
      <input_file id="fl-2">
         <path>.\</path>
         <kind>object</kind>
         <file>adc14.obj</file>
         <name>adc14.obj</name>
      </input_file>
      <input_file id="fl-3">
         <path>.\</path>
         <kind>object</kind>
         <file>aes256.obj</file>
         <name>aes256.obj</name>
      </input_file>
      <input_file id="fl-4">
         <path>.\</path>
         <kind>object</kind>
         <file>comp_e.obj</file>
         <name>comp_e.obj</name>
      </input_file>
      <input_file id="fl-5">
         <path>.\</path>
         <kind>object</kind>
         <file>cpu.obj</file>
         <name>cpu.obj</name>
      </input_file>
      <input_file id="fl-6">
         <path>.\</path>
         <kind>object</kind>
         <file>crc32.obj</file>
         <name>crc32.obj</name>
      </input_file>
      <input_file id="fl-7">
         <path>.\</path>
         <kind>object</kind>
         <file>cs.obj</file>
         <name>cs.obj</name>
      </input_file>
      <input_file id="fl-8">
         <path>.\</path>
         <kind>object</kind>
         <file>dma.obj</file>
         <name>dma.obj</name>
      </input_file>
      <input_file id="fl-9">
         <path>.\</path>
         <kind>object</kind>
         <file>flash.obj</file>
         <name>flash.obj</name>
      </input_file>
      <input_file id="fl-a">
         <path>.\</path>
         <kind>object</kind>
         <file>fpu.obj</file>
         <name>fpu.obj</name>
      </input_file>
      <input_file id="fl-b">
         <path>.\</path>
         <kind>object</kind>
         <file>gpio.obj</file>
         <name>gpio.obj</name>
      </input_file>
      <input_file id="fl-c">
         <path>.\</path>
         <kind>object</kind>
         <file>i2c.obj</file>
         <name>i2c.obj</name>
      </input_file>
      <input_file id="fl-d">
         <path>.\</path>
         <kind>object</kind>
         <file>interrupt.obj</file>
         <name>interrupt.obj</name>
      </input_file>
      <input_file id="fl-e">
         <path>.\</path>
         <kind>object</kind>
         <file>main.obj</file>
         <name>main.obj</name>
      </input_file>
      <input_file id="fl-f">
         <path>.\</path>
         <kind>object</kind>
         <file>mpu.obj</file>
         <name>mpu.obj</name>
      </input_file>
      <input_file id="fl-10">
         <path>.\</path>
         <kind>object</kind>
         <file>pcm.obj</file>
         <name>pcm.obj</name>
      </input_file>
      <input_file id="fl-11">
         <path>.\</path>
         <kind>object</kind>
         <file>pmap.obj</file>
         <name>pmap.obj</name>
      </input_file>
      <input_file id="fl-12">
         <path>.\</path>
         <kind>object</kind>
         <file>pss.obj</file>
         <name>pss.obj</name>
      </input_file>
      <input_file id="fl-13">
         <path>.\</path>
         <kind>object</kind>
         <file>ref_a.obj</file>
         <name>ref_a.obj</name>
      </input_file>
      <input_file id="fl-14">
         <path>.\</path>
         <kind>object</kind>
         <file>reset.obj</file>
         <name>reset.obj</name>
      </input_file>
      <input_file id="fl-15">
         <path>.\</path>
         <kind>object</kind>
         <file>rtc_c.obj</file>
         <name>rtc_c.obj</name>
      </input_file>
      <input_file id="fl-16">
         <path>.\</path>
         <kind>object</kind>
         <file>spi.obj</file>
         <name>spi.obj</name>
      </input_file>
      <input_file id="fl-17">
         <path>.\</path>
         <kind>object</kind>
         <file>sysctl.obj</file>
         <name>sysctl.obj</name>
      </input_file>
      <input_file id="fl-18">
         <path>.\</path>
         <kind>object</kind>
         <file>system_msp432p401r.obj</file>
         <name>system_msp432p401r.obj</name>
      </input_file>
      <input_file id="fl-19">
         <path>.\</path>
         <kind>object</kind>
         <file>systick.obj</file>
         <name>systick.obj</name>
      </input_file>
      <input_file id="fl-1a">
         <path>.\</path>
         <kind>object</kind>
         <file>timer32.obj</file>
         <name>timer32.obj</name>
      </input_file>
      <input_file id="fl-1b">
         <path>.\</path>
         <kind>object</kind>
         <file>timer_a.obj</file>
         <name>timer_a.obj</name>
      </input_file>
      <input_file id="fl-1c">
         <path>.\</path>
         <kind>object</kind>
         <file>uart.obj</file>
         <name>uart.obj</name>
      </input_file>
      <input_file id="fl-1d">
         <path>.\</path>
         <kind>object</kind>
         <file>wdt_a.obj</file>
         <name>wdt_a.obj</name>
      </input_file>
      <input_file id="fl-1e">
         <path>.\ccs\</path>
         <kind>object</kind>
         <file>startup_msp432p401r_ccs.obj</file>
         <name>startup_msp432p401r_ccs.obj</name>
      </input_file>
      <input_file id="fl-28">
         <kind>object</kind>
         <file>&lt;internal&gt;</file>
         <name>&lt;internal&gt;</name>
      </input_file>
      <input_file id="fl-de">
         <path>C:\ti\ccsv8\tools\compiler\ti-cgt-arm_18.1.4.LTS\lib\</path>
         <kind>archive</kind>
         <file>rtsv7M4_T_le_v4SPD16_eabi.lib</file>
         <name>copy_zero_init.c.obj</name>
      </input_file>
      <input_file id="fl-df">
         <path>C:\ti\ccsv8\tools\compiler\ti-cgt-arm_18.1.4.LTS\lib\</path>
         <kind>archive</kind>
         <file>rtsv7M4_T_le_v4SPD16_eabi.lib</file>
         <name>copy_decompress_none.c.obj</name>
      </input_file>
      <input_file id="fl-e0">
         <path>C:\ti\ccsv8\tools\compiler\ti-cgt-arm_18.1.4.LTS\lib\</path>
         <kind>archive</kind>
         <file>rtsv7M4_T_le_v4SPD16_eabi.lib</file>
         <name>copy_decompress_lzss.c.obj</name>
      </input_file>
      <input_file id="fl-e1">
         <path>C:\ti\ccsv8\tools\compiler\ti-cgt-arm_18.1.4.LTS\lib\</path>
         <kind>archive</kind>
         <file>rtsv7M4_T_le_v4SPD16_eabi.lib</file>
         <name>boot_cortex_m.c.obj</name>
      </input_file>
      <input_file id="fl-e2">
         <path>C:\ti\ccsv8\tools\compiler\ti-cgt-arm_18.1.4.LTS\lib\</path>
         <kind>archive</kind>
         <file>rtsv7M4_T_le_v4SPD16_eabi.lib</file>
         <name>exit.c.obj</name>
      </input_file>
      <input_file id="fl-e3">
         <path>C:\ti\ccsv8\tools\compiler\ti-cgt-arm_18.1.4.LTS\lib\</path>
         <kind>archive</kind>
         <file>rtsv7M4_T_le_v4SPD16_eabi.lib</file>
         <name>_lock.c.obj</name>
      </input_file>
      <input_file id="fl-e4">
         <path>C:\ti\ccsv8\tools\compiler\ti-cgt-arm_18.1.4.LTS\lib\</path>
         <kind>archive</kind>
         <file>rtsv7M4_T_le_v4SPD16_eabi.lib</file>
         <name>args_main.c.obj</name>
      </input_file>
      <input_file id="fl-e5">
         <path>C:\ti\ccsv8\tools\compiler\ti-cgt-arm_18.1.4.LTS\lib\</path>
         <kind>archive</kind>
         <file>rtsv7M4_T_le_v4SPD16_eabi.lib</file>
         <name>memcpy_t2.asm.obj</name>
      </input_file>
      <input_file id="fl-e6">
         <path>C:\ti\ccsv8\tools\compiler\ti-cgt-arm_18.1.4.LTS\lib\</path>
         <kind>archive</kind>
         <file>rtsv7M4_T_le_v4SPD16_eabi.lib</file>
         <name>memset_t2.asm.obj</name>
      </input_file>
      <input_file id="fl-e7">
         <path>C:\ti\ccsv8\tools\compiler\ti-cgt-arm_18.1.4.LTS\lib\</path>
         <kind>archive</kind>
         <file>rtsv7M4_T_le_v4SPD16_eabi.lib</file>
         <name>autoinit.c.obj</name>
      </input_file>
      <input_file id="fl-e8">
         <path>C:\ti\ccsv8\tools\compiler\ti-cgt-arm_18.1.4.LTS\lib\</path>
         <kind>archive</kind>
         <file>rtsv7M4_T_le_v4SPD16_eabi.lib</file>
         <name>pre_init.c.obj</name>
      </input_file>
      <input_file id="fl-e9">
         <path>C:\ti\ccsv8\tools\compiler\ti-cgt-arm_18.1.4.LTS\lib\</path>
         <kind>archive</kind>
         <file>rtsv7M4_T_le_v4SPD16_eabi.lib</file>
         <name>cpy_tbl.c.obj</name>
      </input_file>
   </input_file_list>
   <object_component_list>
      <object_component id="oc-23">
         <name>.intvecs:retain</name>
         <load_address>0x0</load_address>
         <run_address>0x0</run_address>
         <size>0xe4</size>
         <input_file_ref idref="fl-1e"/>
      </object_component>
      <object_component id="oc-b6">
         <name>.text:pwmControl</name>
         <load_address>0xe4</load_address>
         <run_address>0xe4</run_address>
         <size>0x1f4</size>
         <input_file_ref idref="fl-e"/>
      </object_component>
      <object_component id="oc-9c">
         <name>.text:main</name>
         <load_address>0x2d8</load_address>
         <run_address>0x2d8</run_address>
         <size>0x170</size>
         <input_file_ref idref="fl-e"/>
      </object_component>
      <object_component id="oc-70">
         <name>.text:TA0_N_IRQHandler</name>
         <load_address>0x448</load_address>
         <run_address>0x448</run_address>
         <size>0x15c</size>
         <input_file_ref idref="fl-e"/>
      </object_component>
      <object_component id="oc-34">
         <name>.text</name>
         <load_address>0x5a4</load_address>
         <run_address>0x5a4</run_address>
         <size>0x9c</size>
         <input_file_ref idref="fl-e5"/>
      </object_component>
      <object_component id="oc-ae">
         <name>.text:SystemInit</name>
         <load_address>0x640</load_address>
         <run_address>0x640</run_address>
         <size>0x78</size>
         <input_file_ref idref="fl-18"/>
      </object_component>
      <object_component id="oc-14">
         <name>.text:decompress:lzss:__TI_decompress_lzss</name>
         <load_address>0x6b8</load_address>
         <run_address>0x6b8</run_address>
         <size>0x68</size>
         <input_file_ref idref="fl-e0"/>
      </object_component>
      <object_component id="oc-e3">
         <name>.text:Timer_A_initCompare</name>
         <load_address>0x720</load_address>
         <run_address>0x720</run_address>
         <size>0x4e</size>
         <input_file_ref idref="fl-1b"/>
      </object_component>
      <object_component id="oc-17f">
         <name>.text:Timer_A_getCounterValue</name>
         <load_address>0x76e</load_address>
         <run_address>0x76e</run_address>
         <size>0x4c</size>
         <input_file_ref idref="fl-1b"/>
      </object_component>
      <object_component id="oc-6a">
         <name>.text:Default_Handler</name>
         <load_address>0x7ba</load_address>
         <run_address>0x7ba</run_address>
         <size>0x2</size>
         <input_file_ref idref="fl-1e"/>
      </object_component>
      <object_component id="oc-107">
         <name>.text:__TI_auto_init_nobinit_nopinit:__TI_auto_init_nobinit_nopinit</name>
         <load_address>0x7bc</load_address>
         <run_address>0x7bc</run_address>
         <size>0x44</size>
         <input_file_ref idref="fl-e7"/>
      </object_component>
      <object_component id="oc-52">
         <name>.text:_c_int00_noargs:_c_int00_noargs</name>
         <load_address>0x800</load_address>
         <run_address>0x800</run_address>
         <size>0x38</size>
         <input_file_ref idref="fl-e1"/>
      </object_component>
      <object_component id="oc-185">
         <name>.text:Timer_A_setCompareValue</name>
         <load_address>0x838</load_address>
         <run_address>0x838</run_address>
         <size>0x28</size>
         <input_file_ref idref="fl-1b"/>
      </object_component>
      <object_component id="oc-13a">
         <name>.text:incrementTimerCompare</name>
         <load_address>0x860</load_address>
         <run_address>0x860</run_address>
         <size>0x20</size>
         <input_file_ref idref="fl-e"/>
      </object_component>
      <object_component id="oc-e9">
         <name>.text:Timer_A_startCounter</name>
         <load_address>0x880</load_address>
         <run_address>0x880</run_address>
         <size>0x16</size>
         <input_file_ref idref="fl-1b"/>
      </object_component>
      <object_component id="oc-1a">
         <name>.text:decompress:none:__TI_decompress_none</name>
         <load_address>0x896</load_address>
         <run_address>0x896</run_address>
         <size>0xe</size>
         <input_file_ref idref="fl-df"/>
      </object_component>
      <object_component id="oc-64">
         <name>.text:Reset_Handler</name>
         <load_address>0x8a4</load_address>
         <run_address>0x8a4</run_address>
         <size>0xc</size>
         <input_file_ref idref="fl-1e"/>
      </object_component>
      <object_component id="oc-96">
         <name>.text:_system_pre_init</name>
         <load_address>0x8b0</load_address>
         <run_address>0x8b0</run_address>
         <size>0x4</size>
         <input_file_ref idref="fl-e8"/>
      </object_component>
      <object_component id="oc-fb">
         <name>.text:abort:abort</name>
         <load_address>0x8b4</load_address>
         <run_address>0x8b4</run_address>
         <size>0x4</size>
         <input_file_ref idref="fl-e2"/>
      </object_component>
      <object_component id="oc-201">
         <name>.cinit..data.load</name>
         <load_address>0x8b8</load_address>
         <run_address>0x8b8</run_address>
         <size>0x38</size>
      </object_component>
      <object_component id="oc-1ff">
         <name>__TI_handler_table</name>
         <load_address>0x8f0</load_address>
         <run_address>0x8f0</run_address>
         <size>0x8</size>
      </object_component>
      <object_component id="oc-200">
         <name>__TI_cinit_table</name>
         <load_address>0x8f8</load_address>
         <run_address>0x8f8</run_address>
         <size>0x8</size>
      </object_component>
      <object_component id="oc-1d4">
         <name>.binit</name>
         <load_address>0x0</load_address>
         <run_address>0x0</run_address>
         <size>0x0</size>
      </object_component>
      <object_component id="oc-bd">
         <name>.data</name>
         <load_address>0x2000002c</load_address>
         <run_address>0x2000002c</run_address>
         <size>0xc</size>
         <input_file_ref idref="fl-e"/>
      </object_component>
      <object_component id="oc-ef">
         <name>.data:timerA0</name>
         <load_address>0x20000000</load_address>
         <run_address>0x20000000</run_address>
         <size>0x10</size>
         <input_file_ref idref="fl-e"/>
      </object_component>
      <object_component id="oc-f2">
         <name>.data:timerA0_compare</name>
         <load_address>0x20000010</load_address>
         <run_address>0x20000010</run_address>
         <size>0x10</size>
         <input_file_ref idref="fl-e"/>
      </object_component>
      <object_component id="oc-c3">
         <name>.data:PWMpins</name>
         <load_address>0x20000020</load_address>
         <run_address>0x20000020</run_address>
         <size>0xc</size>
         <input_file_ref idref="fl-e"/>
      </object_component>
      <object_component id="oc-c0">
         <name>.data:pins</name>
         <load_address>0x20000038</load_address>
         <run_address>0x20000038</run_address>
         <size>0xc</size>
         <input_file_ref idref="fl-e"/>
      </object_component>
      <object_component id="oc-26">
         <name>.stack</name>
         <uninitialized>true</uninitialized>
         <run_address>0x2000fe00</run_address>
         <size>0x4</size>
         <input_file_ref idref="fl-e1"/>
      </object_component>
      <object_component id="oc-202">
         <name>.stack</name>
         <uninitialized>true</uninitialized>
         <run_address>0x2000fe00</run_address>
         <size>0x0</size>
      </object_component>
      <object_component id="oc-14d">
         <name>.debug_info</name>
         <load_address>0x0</load_address>
         <run_address>0x0</run_address>
         <size>0x6a7</size>
         <input_file_ref idref="fl-2"/>
      </object_component>
      <object_component id="oc-192">
         <name>.debug_info</name>
         <load_address>0x6a7</load_address>
         <run_address>0x6a7</run_address>
         <size>0x37e2</size>
         <input_file_ref idref="fl-2"/>
      </object_component>
      <object_component id="oc-ce">
         <name>.debug_info</name>
         <load_address>0x3e89</load_address>
         <run_address>0x3e89</run_address>
         <size>0x26b</size>
         <input_file_ref idref="fl-2"/>
      </object_component>
      <object_component id="oc-197">
         <name>.debug_info</name>
         <load_address>0x40f4</load_address>
         <run_address>0x40f4</run_address>
         <size>0x1055</size>
         <input_file_ref idref="fl-2"/>
      </object_component>
      <object_component id="oc-f6">
         <name>.debug_info</name>
         <load_address>0x5149</load_address>
         <run_address>0x5149</run_address>
         <size>0x8b</size>
         <input_file_ref idref="fl-2"/>
      </object_component>
      <object_component id="oc-148">
         <name>.debug_info</name>
         <load_address>0x51d4</load_address>
         <run_address>0x51d4</run_address>
         <size>0x297</size>
         <input_file_ref idref="fl-2"/>
      </object_component>
      <object_component id="oc-151">
         <name>.debug_info</name>
         <load_address>0x546b</load_address>
         <run_address>0x546b</run_address>
         <size>0xef</size>
         <input_file_ref idref="fl-2"/>
      </object_component>
      <object_component id="oc-c7">
         <name>.debug_info</name>
         <load_address>0x555a</load_address>
         <run_address>0x555a</run_address>
         <size>0xbb</size>
         <input_file_ref idref="fl-2"/>
      </object_component>
      <object_component id="oc-2f">
         <name>.debug_info</name>
         <load_address>0x5615</load_address>
         <run_address>0x5615</run_address>
         <size>0x84</size>
         <input_file_ref idref="fl-5"/>
      </object_component>
      <object_component id="oc-141">
         <name>.debug_info</name>
         <load_address>0x5699</load_address>
         <run_address>0x5699</run_address>
         <size>0x68c</size>
         <input_file_ref idref="fl-e"/>
      </object_component>
      <object_component id="oc-be">
         <name>.debug_info</name>
         <load_address>0x5d25</load_address>
         <run_address>0x5d25</run_address>
         <size>0x1c0</size>
         <input_file_ref idref="fl-e"/>
      </object_component>
      <object_component id="oc-f0">
         <name>.debug_info</name>
         <load_address>0x5ee5</load_address>
         <run_address>0x5ee5</run_address>
         <size>0xfb</size>
         <input_file_ref idref="fl-e"/>
      </object_component>
      <object_component id="oc-f3">
         <name>.debug_info</name>
         <load_address>0x5fe0</load_address>
         <run_address>0x5fe0</run_address>
         <size>0x10b</size>
         <input_file_ref idref="fl-e"/>
      </object_component>
      <object_component id="oc-c4">
         <name>.debug_info</name>
         <load_address>0x60eb</load_address>
         <run_address>0x60eb</run_address>
         <size>0xfb</size>
         <input_file_ref idref="fl-e"/>
      </object_component>
      <object_component id="oc-c1">
         <name>.debug_info</name>
         <load_address>0x61e6</load_address>
         <run_address>0x61e6</run_address>
         <size>0xf5</size>
         <input_file_ref idref="fl-e"/>
      </object_component>
      <object_component id="oc-b7">
         <name>.debug_info</name>
         <load_address>0x62db</load_address>
         <run_address>0x62db</run_address>
         <size>0x25b</size>
         <input_file_ref idref="fl-e"/>
      </object_component>
      <object_component id="oc-13b">
         <name>.debug_info</name>
         <load_address>0x6536</load_address>
         <run_address>0x6536</run_address>
         <size>0x1b7</size>
         <input_file_ref idref="fl-e"/>
      </object_component>
      <object_component id="oc-9d">
         <name>.debug_info</name>
         <load_address>0x66ed</load_address>
         <run_address>0x66ed</run_address>
         <size>0x1d5</size>
         <input_file_ref idref="fl-e"/>
      </object_component>
      <object_component id="oc-71">
         <name>.debug_info</name>
         <load_address>0x68c2</load_address>
         <run_address>0x68c2</run_address>
         <size>0x1d4</size>
         <input_file_ref idref="fl-e"/>
      </object_component>
      <object_component id="oc-18d">
         <name>.debug_info</name>
         <load_address>0x6a96</load_address>
         <run_address>0x6a96</run_address>
         <size>0x5e</size>
         <input_file_ref idref="fl-e"/>
      </object_component>
      <object_component id="oc-158">
         <name>.debug_info</name>
         <load_address>0x6af4</load_address>
         <run_address>0x6af4</run_address>
         <size>0x341</size>
         <input_file_ref idref="fl-e"/>
      </object_component>
      <object_component id="oc-b0">
         <name>.debug_info</name>
         <load_address>0x6e35</load_address>
         <run_address>0x6e35</run_address>
         <size>0x158</size>
         <input_file_ref idref="fl-18"/>
      </object_component>
      <object_component id="oc-14f">
         <name>.debug_info</name>
         <load_address>0x6f8d</load_address>
         <run_address>0x6f8d</run_address>
         <size>0x6c6</size>
         <input_file_ref idref="fl-1b"/>
      </object_component>
      <object_component id="oc-ea">
         <name>.debug_info</name>
         <load_address>0x7653</load_address>
         <run_address>0x7653</run_address>
         <size>0x1a6</size>
         <input_file_ref idref="fl-1b"/>
      </object_component>
      <object_component id="oc-e4">
         <name>.debug_info</name>
         <load_address>0x77f9</load_address>
         <run_address>0x77f9</run_address>
         <size>0x1ab</size>
         <input_file_ref idref="fl-1b"/>
      </object_component>
      <object_component id="oc-180">
         <name>.debug_info</name>
         <load_address>0x79a4</load_address>
         <run_address>0x79a4</run_address>
         <size>0x1bc</size>
         <input_file_ref idref="fl-1b"/>
      </object_component>
      <object_component id="oc-186">
         <name>.debug_info</name>
         <load_address>0x7b60</load_address>
         <run_address>0x7b60</run_address>
         <size>0x21a</size>
         <input_file_ref idref="fl-1b"/>
      </object_component>
      <object_component id="oc-78">
         <name>.debug_info</name>
         <load_address>0x7d7a</load_address>
         <run_address>0x7d7a</run_address>
         <size>0x2f8</size>
         <input_file_ref idref="fl-1e"/>
      </object_component>
      <object_component id="oc-24">
         <name>.debug_info</name>
         <load_address>0x8072</load_address>
         <run_address>0x8072</run_address>
         <size>0x124</size>
         <input_file_ref idref="fl-1e"/>
      </object_component>
      <object_component id="oc-65">
         <name>.debug_info</name>
         <load_address>0x8196</load_address>
         <run_address>0x8196</run_address>
         <size>0x187</size>
         <input_file_ref idref="fl-1e"/>
      </object_component>
      <object_component id="oc-6b">
         <name>.debug_info</name>
         <load_address>0x831d</load_address>
         <run_address>0x831d</run_address>
         <size>0x16f</size>
         <input_file_ref idref="fl-1e"/>
      </object_component>
      <object_component id="oc-3f">
         <name>.debug_info</name>
         <load_address>0x848c</load_address>
         <run_address>0x848c</run_address>
         <size>0x2a8</size>
         <input_file_ref idref="fl-df"/>
      </object_component>
      <object_component id="oc-1b">
         <name>.debug_info</name>
         <load_address>0x8734</load_address>
         <run_address>0x8734</run_address>
         <size>0x1ea</size>
         <input_file_ref idref="fl-df"/>
      </object_component>
      <object_component id="oc-3a">
         <name>.debug_info</name>
         <load_address>0x891e</load_address>
         <run_address>0x891e</run_address>
         <size>0x46</size>
         <input_file_ref idref="fl-df"/>
      </object_component>
      <object_component id="oc-82">
         <name>.debug_info</name>
         <load_address>0x8964</load_address>
         <run_address>0x8964</run_address>
         <size>0x2c</size>
         <input_file_ref idref="fl-df"/>
      </object_component>
      <object_component id="oc-80">
         <name>.debug_info</name>
         <load_address>0x8990</load_address>
         <run_address>0x8990</run_address>
         <size>0x29e</size>
         <input_file_ref idref="fl-e0"/>
      </object_component>
      <object_component id="oc-16">
         <name>.debug_info</name>
         <load_address>0x8c2e</load_address>
         <run_address>0x8c2e</run_address>
         <size>0x250</size>
         <input_file_ref idref="fl-e0"/>
      </object_component>
      <object_component id="oc-2a">
         <name>.debug_info</name>
         <load_address>0x8e7e</load_address>
         <run_address>0x8e7e</run_address>
         <size>0x60</size>
         <input_file_ref idref="fl-e0"/>
      </object_component>
      <object_component id="oc-d3">
         <name>.debug_info</name>
         <load_address>0x8ede</load_address>
         <run_address>0x8ede</run_address>
         <size>0x46</size>
         <input_file_ref idref="fl-e0"/>
      </object_component>
      <object_component id="oc-7b">
         <name>.debug_info</name>
         <load_address>0x8f24</load_address>
         <run_address>0x8f24</run_address>
         <size>0x39</size>
         <input_file_ref idref="fl-e0"/>
      </object_component>
      <object_component id="oc-27">
         <name>.debug_info</name>
         <load_address>0x8f5d</load_address>
         <run_address>0x8f5d</run_address>
         <size>0x10b</size>
         <input_file_ref idref="fl-e1"/>
      </object_component>
      <object_component id="oc-53">
         <name>.debug_info</name>
         <load_address>0x9068</load_address>
         <run_address>0x9068</run_address>
         <size>0x1af</size>
         <input_file_ref idref="fl-e1"/>
      </object_component>
      <object_component id="oc-fd">
         <name>.debug_info</name>
         <load_address>0x9217</load_address>
         <run_address>0x9217</run_address>
         <size>0x122</size>
         <input_file_ref idref="fl-e2"/>
      </object_component>
      <object_component id="oc-35">
         <name>.debug_info</name>
         <load_address>0x9339</load_address>
         <run_address>0x9339</run_address>
         <size>0x11c</size>
         <input_file_ref idref="fl-e5"/>
      </object_component>
      <object_component id="oc-16a">
         <name>.debug_info</name>
         <load_address>0x9455</load_address>
         <run_address>0x9455</run_address>
         <size>0x552</size>
         <input_file_ref idref="fl-e7"/>
      </object_component>
      <object_component id="oc-108">
         <name>.debug_info</name>
         <load_address>0x99a7</load_address>
         <run_address>0x99a7</run_address>
         <size>0x1a6</size>
         <input_file_ref idref="fl-e7"/>
      </object_component>
      <object_component id="oc-1b0">
         <name>.debug_info</name>
         <load_address>0x9b4d</load_address>
         <run_address>0x9b4d</run_address>
         <size>0x39</size>
         <input_file_ref idref="fl-e7"/>
      </object_component>
      <object_component id="oc-1c6">
         <name>.debug_info</name>
         <load_address>0x9b86</load_address>
         <run_address>0x9b86</run_address>
         <size>0x39</size>
         <input_file_ref idref="fl-e7"/>
      </object_component>
      <object_component id="oc-1b5">
         <name>.debug_info</name>
         <load_address>0x9bbf</load_address>
         <run_address>0x9bbf</run_address>
         <size>0x39</size>
         <input_file_ref idref="fl-e7"/>
      </object_component>
      <object_component id="oc-1ba">
         <name>.debug_info</name>
         <load_address>0x9bf8</load_address>
         <run_address>0x9bf8</run_address>
         <size>0xcd</size>
         <input_file_ref idref="fl-e7"/>
      </object_component>
      <object_component id="oc-97">
         <name>.debug_info</name>
         <load_address>0x9cc5</load_address>
         <run_address>0x9cc5</run_address>
         <size>0x153</size>
         <input_file_ref idref="fl-e8"/>
      </object_component>
      <object_component id="oc-203">
         <name>.debug_info</name>
         <load_address>0x9e18</load_address>
         <run_address>0x9e18</run_address>
         <size>0xcf</size>
      </object_component>
      <object_component id="oc-19d">
         <name>.debug_line</name>
         <load_address>0x0</load_address>
         <run_address>0x0</run_address>
         <size>0x7f</size>
         <input_file_ref idref="fl-2"/>
      </object_component>
      <object_component id="oc-195">
         <name>.debug_line</name>
         <load_address>0x7f</load_address>
         <run_address>0x7f</run_address>
         <size>0x7b</size>
         <input_file_ref idref="fl-2"/>
      </object_component>
      <object_component id="oc-d1">
         <name>.debug_line</name>
         <load_address>0xfa</load_address>
         <run_address>0xfa</run_address>
         <size>0x69</size>
         <input_file_ref idref="fl-2"/>
      </object_component>
      <object_component id="oc-19a">
         <name>.debug_line</name>
         <load_address>0x163</load_address>
         <run_address>0x163</run_address>
         <size>0x78</size>
         <input_file_ref idref="fl-2"/>
      </object_component>
      <object_component id="oc-f9">
         <name>.debug_line</name>
         <load_address>0x1db</load_address>
         <run_address>0x1db</run_address>
         <size>0x20</size>
         <input_file_ref idref="fl-2"/>
      </object_component>
      <object_component id="oc-14b">
         <name>.debug_line</name>
         <load_address>0x1fb</load_address>
         <run_address>0x1fb</run_address>
         <size>0x6d</size>
         <input_file_ref idref="fl-2"/>
      </object_component>
      <object_component id="oc-154">
         <name>.debug_line</name>
         <load_address>0x268</load_address>
         <run_address>0x268</run_address>
         <size>0x69</size>
         <input_file_ref idref="fl-2"/>
      </object_component>
      <object_component id="oc-ca">
         <name>.debug_line</name>
         <load_address>0x2d1</load_address>
         <run_address>0x2d1</run_address>
         <size>0x6a</size>
         <input_file_ref idref="fl-2"/>
      </object_component>
      <object_component id="oc-32">
         <name>.debug_line</name>
         <load_address>0x33b</load_address>
         <run_address>0x33b</run_address>
         <size>0x20</size>
         <input_file_ref idref="fl-5"/>
      </object_component>
      <object_component id="oc-18c">
         <name>.debug_line</name>
         <load_address>0x35b</load_address>
         <run_address>0x35b</run_address>
         <size>0x7d</size>
         <input_file_ref idref="fl-e"/>
      </object_component>
      <object_component id="oc-143">
         <name>.debug_line</name>
         <load_address>0x3d8</load_address>
         <run_address>0x3d8</run_address>
         <size>0x2d</size>
         <input_file_ref idref="fl-e"/>
      </object_component>
      <object_component id="oc-157">
         <name>.debug_line</name>
         <load_address>0x405</load_address>
         <run_address>0x405</run_address>
         <size>0x2d</size>
         <input_file_ref idref="fl-e"/>
      </object_component>
      <object_component id="oc-15e">
         <name>.debug_line</name>
         <load_address>0x432</load_address>
         <run_address>0x432</run_address>
         <size>0x2d</size>
         <input_file_ref idref="fl-e"/>
      </object_component>
      <object_component id="oc-147">
         <name>.debug_line</name>
         <load_address>0x45f</load_address>
         <run_address>0x45f</run_address>
         <size>0x2d</size>
         <input_file_ref idref="fl-e"/>
      </object_component>
      <object_component id="oc-145">
         <name>.debug_line</name>
         <load_address>0x48c</load_address>
         <run_address>0x48c</run_address>
         <size>0x2d</size>
         <input_file_ref idref="fl-e"/>
      </object_component>
      <object_component id="oc-ba">
         <name>.debug_line</name>
         <load_address>0x4b9</load_address>
         <run_address>0x4b9</run_address>
         <size>0xb3</size>
         <input_file_ref idref="fl-e"/>
      </object_component>
      <object_component id="oc-13e">
         <name>.debug_line</name>
         <load_address>0x56c</load_address>
         <run_address>0x56c</run_address>
         <size>0x45</size>
         <input_file_ref idref="fl-e"/>
      </object_component>
      <object_component id="oc-a1">
         <name>.debug_line</name>
         <load_address>0x5b1</load_address>
         <run_address>0x5b1</run_address>
         <size>0x6c</size>
         <input_file_ref idref="fl-e"/>
      </object_component>
      <object_component id="oc-75">
         <name>.debug_line</name>
         <load_address>0x61d</load_address>
         <run_address>0x61d</run_address>
         <size>0x74</size>
         <input_file_ref idref="fl-e"/>
      </object_component>
      <object_component id="oc-190">
         <name>.debug_line</name>
         <load_address>0x691</load_address>
         <run_address>0x691</run_address>
         <size>0x2d</size>
         <input_file_ref idref="fl-e"/>
      </object_component>
      <object_component id="oc-15b">
         <name>.debug_line</name>
         <load_address>0x6be</load_address>
         <run_address>0x6be</run_address>
         <size>0x7d</size>
         <input_file_ref idref="fl-e"/>
      </object_component>
      <object_component id="oc-af">
         <name>.debug_line</name>
         <load_address>0x73b</load_address>
         <run_address>0x73b</run_address>
         <size>0x66</size>
         <input_file_ref idref="fl-18"/>
      </object_component>
      <object_component id="oc-19f">
         <name>.debug_line</name>
         <load_address>0x7a1</load_address>
         <run_address>0x7a1</run_address>
         <size>0x7f</size>
         <input_file_ref idref="fl-1b"/>
      </object_component>
      <object_component id="oc-ed">
         <name>.debug_line</name>
         <load_address>0x820</load_address>
         <run_address>0x820</run_address>
         <size>0x48</size>
         <input_file_ref idref="fl-1b"/>
      </object_component>
      <object_component id="oc-e7">
         <name>.debug_line</name>
         <load_address>0x868</load_address>
         <run_address>0x868</run_address>
         <size>0x55</size>
         <input_file_ref idref="fl-1b"/>
      </object_component>
      <object_component id="oc-183">
         <name>.debug_line</name>
         <load_address>0x8bd</load_address>
         <run_address>0x8bd</run_address>
         <size>0x5d</size>
         <input_file_ref idref="fl-1b"/>
      </object_component>
      <object_component id="oc-189">
         <name>.debug_line</name>
         <load_address>0x91a</load_address>
         <run_address>0x91a</run_address>
         <size>0x4b</size>
         <input_file_ref idref="fl-1b"/>
      </object_component>
      <object_component id="oc-cd">
         <name>.debug_line</name>
         <load_address>0x965</load_address>
         <run_address>0x965</run_address>
         <size>0x44</size>
         <input_file_ref idref="fl-1e"/>
      </object_component>
      <object_component id="oc-77">
         <name>.debug_line</name>
         <load_address>0x9a9</load_address>
         <run_address>0x9a9</run_address>
         <size>0x44</size>
         <input_file_ref idref="fl-1e"/>
      </object_component>
      <object_component id="oc-69">
         <name>.debug_line</name>
         <load_address>0x9ed</load_address>
         <run_address>0x9ed</run_address>
         <size>0x5d</size>
         <input_file_ref idref="fl-1e"/>
      </object_component>
      <object_component id="oc-6f">
         <name>.debug_line</name>
         <load_address>0xa4a</load_address>
         <run_address>0xa4a</run_address>
         <size>0x59</size>
         <input_file_ref idref="fl-1e"/>
      </object_component>
      <object_component id="oc-88">
         <name>.debug_line</name>
         <load_address>0xaa3</load_address>
         <run_address>0xaa3</run_address>
         <size>0x20</size>
         <input_file_ref idref="fl-df"/>
      </object_component>
      <object_component id="oc-1e">
         <name>.debug_line</name>
         <load_address>0xac3</load_address>
         <run_address>0xac3</run_address>
         <size>0x55</size>
         <input_file_ref idref="fl-df"/>
      </object_component>
      <object_component id="oc-3d">
         <name>.debug_line</name>
         <load_address>0xb18</load_address>
         <run_address>0xb18</run_address>
         <size>0x3a</size>
         <input_file_ref idref="fl-df"/>
      </object_component>
      <object_component id="oc-85">
         <name>.debug_line</name>
         <load_address>0xb52</load_address>
         <run_address>0xb52</run_address>
         <size>0x95</size>
         <input_file_ref idref="fl-df"/>
      </object_component>
      <object_component id="oc-d9">
         <name>.debug_line</name>
         <load_address>0xbe7</load_address>
         <run_address>0xbe7</run_address>
         <size>0x20</size>
         <input_file_ref idref="fl-e0"/>
      </object_component>
      <object_component id="oc-19">
         <name>.debug_line</name>
         <load_address>0xc07</load_address>
         <run_address>0xc07</run_address>
         <size>0xa9</size>
         <input_file_ref idref="fl-e0"/>
      </object_component>
      <object_component id="oc-2d">
         <name>.debug_line</name>
         <load_address>0xcb0</load_address>
         <run_address>0xcb0</run_address>
         <size>0x3a</size>
         <input_file_ref idref="fl-e0"/>
      </object_component>
      <object_component id="oc-d6">
         <name>.debug_line</name>
         <load_address>0xcea</load_address>
         <run_address>0xcea</run_address>
         <size>0x9d</size>
         <input_file_ref idref="fl-e0"/>
      </object_component>
      <object_component id="oc-7e">
         <name>.debug_line</name>
         <load_address>0xd87</load_address>
         <run_address>0xd87</run_address>
         <size>0x99</size>
         <input_file_ref idref="fl-e0"/>
      </object_component>
      <object_component id="oc-7a">
         <name>.debug_line</name>
         <load_address>0xe20</load_address>
         <run_address>0xe20</run_address>
         <size>0x33</size>
         <input_file_ref idref="fl-e1"/>
      </object_component>
      <object_component id="oc-57">
         <name>.debug_line</name>
         <load_address>0xe53</load_address>
         <run_address>0xe53</run_address>
         <size>0x56</size>
         <input_file_ref idref="fl-e1"/>
      </object_component>
      <object_component id="oc-fc">
         <name>.debug_line</name>
         <load_address>0xea9</load_address>
         <run_address>0xea9</run_address>
         <size>0x3c</size>
         <input_file_ref idref="fl-e2"/>
      </object_component>
      <object_component id="oc-38">
         <name>.debug_line</name>
         <load_address>0xee5</load_address>
         <run_address>0xee5</run_address>
         <size>0x88</size>
         <input_file_ref idref="fl-e5"/>
      </object_component>
      <object_component id="oc-1af">
         <name>.debug_line</name>
         <load_address>0xf6d</load_address>
         <run_address>0xf6d</run_address>
         <size>0xc2</size>
         <input_file_ref idref="fl-e7"/>
      </object_component>
      <object_component id="oc-10b">
         <name>.debug_line</name>
         <load_address>0x102f</load_address>
         <run_address>0x102f</run_address>
         <size>0x6c</size>
         <input_file_ref idref="fl-e7"/>
      </object_component>
      <object_component id="oc-1b3">
         <name>.debug_line</name>
         <load_address>0x109b</load_address>
         <run_address>0x109b</run_address>
         <size>0x2e</size>
         <input_file_ref idref="fl-e7"/>
      </object_component>
      <object_component id="oc-1c9">
         <name>.debug_line</name>
         <load_address>0x10c9</load_address>
         <run_address>0x10c9</run_address>
         <size>0x9d</size>
         <input_file_ref idref="fl-e7"/>
      </object_component>
      <object_component id="oc-1b8">
         <name>.debug_line</name>
         <load_address>0x1166</load_address>
         <run_address>0x1166</run_address>
         <size>0x9a</size>
         <input_file_ref idref="fl-e7"/>
      </object_component>
      <object_component id="oc-1bd">
         <name>.debug_line</name>
         <load_address>0x1200</load_address>
         <run_address>0x1200</run_address>
         <size>0x96</size>
         <input_file_ref idref="fl-e7"/>
      </object_component>
      <object_component id="oc-9b">
         <name>.debug_line</name>
         <load_address>0x1296</load_address>
         <run_address>0x1296</run_address>
         <size>0x40</size>
         <input_file_ref idref="fl-e8"/>
      </object_component>
      <object_component id="oc-19c">
         <name>.debug_abbrev</name>
         <load_address>0x0</load_address>
         <run_address>0x0</run_address>
         <size>0xc2</size>
         <input_file_ref idref="fl-2"/>
      </object_component>
      <object_component id="oc-194">
         <name>.debug_abbrev</name>
         <load_address>0xc2</load_address>
         <run_address>0xc2</run_address>
         <size>0xbd</size>
         <input_file_ref idref="fl-2"/>
      </object_component>
      <object_component id="oc-d0">
         <name>.debug_abbrev</name>
         <load_address>0x17f</load_address>
         <run_address>0x17f</run_address>
         <size>0x69</size>
         <input_file_ref idref="fl-2"/>
      </object_component>
      <object_component id="oc-199">
         <name>.debug_abbrev</name>
         <load_address>0x1e8</load_address>
         <run_address>0x1e8</run_address>
         <size>0x97</size>
         <input_file_ref idref="fl-2"/>
      </object_component>
      <object_component id="oc-f8">
         <name>.debug_abbrev</name>
         <load_address>0x27f</load_address>
         <run_address>0x27f</run_address>
         <size>0x1f</size>
         <input_file_ref idref="fl-2"/>
      </object_component>
      <object_component id="oc-14a">
         <name>.debug_abbrev</name>
         <load_address>0x29e</load_address>
         <run_address>0x29e</run_address>
         <size>0x5c</size>
         <input_file_ref idref="fl-2"/>
      </object_component>
      <object_component id="oc-153">
         <name>.debug_abbrev</name>
         <load_address>0x2fa</load_address>
         <run_address>0x2fa</run_address>
         <size>0x24</size>
         <input_file_ref idref="fl-2"/>
      </object_component>
      <object_component id="oc-c9">
         <name>.debug_abbrev</name>
         <load_address>0x31e</load_address>
         <run_address>0x31e</run_address>
         <size>0x24</size>
         <input_file_ref idref="fl-2"/>
      </object_component>
      <object_component id="oc-31">
         <name>.debug_abbrev</name>
         <load_address>0x342</load_address>
         <run_address>0x342</run_address>
         <size>0x1f</size>
         <input_file_ref idref="fl-5"/>
      </object_component>
      <object_component id="oc-18b">
         <name>.debug_abbrev</name>
         <load_address>0x361</load_address>
         <run_address>0x361</run_address>
         <size>0xb6</size>
         <input_file_ref idref="fl-e"/>
      </object_component>
      <object_component id="oc-142">
         <name>.debug_abbrev</name>
         <load_address>0x417</load_address>
         <run_address>0x417</run_address>
         <size>0x29</size>
         <input_file_ref idref="fl-e"/>
      </object_component>
      <object_component id="oc-156">
         <name>.debug_abbrev</name>
         <load_address>0x440</load_address>
         <run_address>0x440</run_address>
         <size>0x29</size>
         <input_file_ref idref="fl-e"/>
      </object_component>
      <object_component id="oc-15d">
         <name>.debug_abbrev</name>
         <load_address>0x469</load_address>
         <run_address>0x469</run_address>
         <size>0x29</size>
         <input_file_ref idref="fl-e"/>
      </object_component>
      <object_component id="oc-146">
         <name>.debug_abbrev</name>
         <load_address>0x492</load_address>
         <run_address>0x492</run_address>
         <size>0x29</size>
         <input_file_ref idref="fl-e"/>
      </object_component>
      <object_component id="oc-144">
         <name>.debug_abbrev</name>
         <load_address>0x4bb</load_address>
         <run_address>0x4bb</run_address>
         <size>0x29</size>
         <input_file_ref idref="fl-e"/>
      </object_component>
      <object_component id="oc-b9">
         <name>.debug_abbrev</name>
         <load_address>0x4e4</load_address>
         <run_address>0x4e4</run_address>
         <size>0x94</size>
         <input_file_ref idref="fl-e"/>
      </object_component>
      <object_component id="oc-13d">
         <name>.debug_abbrev</name>
         <load_address>0x578</load_address>
         <run_address>0x578</run_address>
         <size>0x7a</size>
         <input_file_ref idref="fl-e"/>
      </object_component>
      <object_component id="oc-f5">
         <name>.debug_abbrev</name>
         <load_address>0x5f2</load_address>
         <run_address>0x5f2</run_address>
         <size>0x71</size>
         <input_file_ref idref="fl-e"/>
      </object_component>
      <object_component id="oc-c6">
         <name>.debug_abbrev</name>
         <load_address>0x663</load_address>
         <run_address>0x663</run_address>
         <size>0x7b</size>
         <input_file_ref idref="fl-e"/>
      </object_component>
      <object_component id="oc-18f">
         <name>.debug_abbrev</name>
         <load_address>0x6de</load_address>
         <run_address>0x6de</run_address>
         <size>0x49</size>
         <input_file_ref idref="fl-e"/>
      </object_component>
      <object_component id="oc-15a">
         <name>.debug_abbrev</name>
         <load_address>0x727</load_address>
         <run_address>0x727</run_address>
         <size>0x4b</size>
         <input_file_ref idref="fl-e"/>
      </object_component>
      <object_component id="oc-139">
         <name>.debug_abbrev</name>
         <load_address>0x772</load_address>
         <run_address>0x772</run_address>
         <size>0x50</size>
         <input_file_ref idref="fl-18"/>
      </object_component>
      <object_component id="oc-19e">
         <name>.debug_abbrev</name>
         <load_address>0x7c2</load_address>
         <run_address>0x7c2</run_address>
         <size>0xbb</size>
         <input_file_ref idref="fl-1b"/>
      </object_component>
      <object_component id="oc-150">
         <name>.debug_abbrev</name>
         <load_address>0x87d</load_address>
         <run_address>0x87d</run_address>
         <size>0x6c</size>
         <input_file_ref idref="fl-1b"/>
      </object_component>
      <object_component id="oc-14e">
         <name>.debug_abbrev</name>
         <load_address>0x8e9</load_address>
         <run_address>0x8e9</run_address>
         <size>0x6c</size>
         <input_file_ref idref="fl-1b"/>
      </object_component>
      <object_component id="oc-1c1">
         <name>.debug_abbrev</name>
         <load_address>0x955</load_address>
         <run_address>0x955</run_address>
         <size>0x6e</size>
         <input_file_ref idref="fl-1b"/>
      </object_component>
      <object_component id="oc-1c2">
         <name>.debug_abbrev</name>
         <load_address>0x9c3</load_address>
         <run_address>0x9c3</run_address>
         <size>0x6c</size>
         <input_file_ref idref="fl-1b"/>
      </object_component>
      <object_component id="oc-cc">
         <name>.debug_abbrev</name>
         <load_address>0xa2f</load_address>
         <run_address>0xa2f</run_address>
         <size>0x7c</size>
         <input_file_ref idref="fl-1e"/>
      </object_component>
      <object_component id="oc-76">
         <name>.debug_abbrev</name>
         <load_address>0xaab</load_address>
         <run_address>0xaab</run_address>
         <size>0x29</size>
         <input_file_ref idref="fl-1e"/>
      </object_component>
      <object_component id="oc-b4">
         <name>.debug_abbrev</name>
         <load_address>0xad4</load_address>
         <run_address>0xad4</run_address>
         <size>0x5e</size>
         <input_file_ref idref="fl-1e"/>
      </object_component>
      <object_component id="oc-b5">
         <name>.debug_abbrev</name>
         <load_address>0xb32</load_address>
         <run_address>0xb32</run_address>
         <size>0x42</size>
         <input_file_ref idref="fl-1e"/>
      </object_component>
      <object_component id="oc-87">
         <name>.debug_abbrev</name>
         <load_address>0xb74</load_address>
         <run_address>0xb74</run_address>
         <size>0x37</size>
         <input_file_ref idref="fl-df"/>
      </object_component>
      <object_component id="oc-39">
         <name>.debug_abbrev</name>
         <load_address>0xbab</load_address>
         <run_address>0xbab</run_address>
         <size>0x74</size>
         <input_file_ref idref="fl-df"/>
      </object_component>
      <object_component id="oc-3c">
         <name>.debug_abbrev</name>
         <load_address>0xc1f</load_address>
         <run_address>0xc1f</run_address>
         <size>0x24</size>
         <input_file_ref idref="fl-df"/>
      </object_component>
      <object_component id="oc-84">
         <name>.debug_abbrev</name>
         <load_address>0xc43</load_address>
         <run_address>0xc43</run_address>
         <size>0x24</size>
         <input_file_ref idref="fl-df"/>
      </object_component>
      <object_component id="oc-d8">
         <name>.debug_abbrev</name>
         <load_address>0xc67</load_address>
         <run_address>0xc67</run_address>
         <size>0x37</size>
         <input_file_ref idref="fl-e0"/>
      </object_component>
      <object_component id="oc-29">
         <name>.debug_abbrev</name>
         <load_address>0xc9e</load_address>
         <run_address>0xc9e</run_address>
         <size>0x6f</size>
         <input_file_ref idref="fl-e0"/>
      </object_component>
      <object_component id="oc-2c">
         <name>.debug_abbrev</name>
         <load_address>0xd0d</load_address>
         <run_address>0xd0d</run_address>
         <size>0x24</size>
         <input_file_ref idref="fl-e0"/>
      </object_component>
      <object_component id="oc-d5">
         <name>.debug_abbrev</name>
         <load_address>0xd31</load_address>
         <run_address>0xd31</run_address>
         <size>0x35</size>
         <input_file_ref idref="fl-e0"/>
      </object_component>
      <object_component id="oc-7d">
         <name>.debug_abbrev</name>
         <load_address>0xd66</load_address>
         <run_address>0xd66</run_address>
         <size>0x24</size>
         <input_file_ref idref="fl-e0"/>
      </object_component>
      <object_component id="oc-79">
         <name>.debug_abbrev</name>
         <load_address>0xd8a</load_address>
         <run_address>0xd8a</run_address>
         <size>0x29</size>
         <input_file_ref idref="fl-e1"/>
      </object_component>
      <object_component id="oc-a5">
         <name>.debug_abbrev</name>
         <load_address>0xdb3</load_address>
         <run_address>0xdb3</run_address>
         <size>0x61</size>
         <input_file_ref idref="fl-e1"/>
      </object_component>
      <object_component id="oc-15f">
         <name>.debug_abbrev</name>
         <load_address>0xe14</load_address>
         <run_address>0xe14</run_address>
         <size>0x45</size>
         <input_file_ref idref="fl-e2"/>
      </object_component>
      <object_component id="oc-81">
         <name>.debug_abbrev</name>
         <load_address>0xe59</load_address>
         <run_address>0xe59</run_address>
         <size>0x3e</size>
         <input_file_ref idref="fl-e5"/>
      </object_component>
      <object_component id="oc-1ae">
         <name>.debug_abbrev</name>
         <load_address>0xe97</load_address>
         <run_address>0xe97</run_address>
         <size>0xdb</size>
         <input_file_ref idref="fl-e7"/>
      </object_component>
      <object_component id="oc-169">
         <name>.debug_abbrev</name>
         <load_address>0xf72</load_address>
         <run_address>0xf72</run_address>
         <size>0x7e</size>
         <input_file_ref idref="fl-e7"/>
      </object_component>
      <object_component id="oc-1b2">
         <name>.debug_abbrev</name>
         <load_address>0xff0</load_address>
         <run_address>0xff0</run_address>
         <size>0x24</size>
         <input_file_ref idref="fl-e7"/>
      </object_component>
      <object_component id="oc-1c8">
         <name>.debug_abbrev</name>
         <load_address>0x1014</load_address>
         <run_address>0x1014</run_address>
         <size>0x24</size>
         <input_file_ref idref="fl-e7"/>
      </object_component>
      <object_component id="oc-1b7">
         <name>.debug_abbrev</name>
         <load_address>0x1038</load_address>
         <run_address>0x1038</run_address>
         <size>0x24</size>
         <input_file_ref idref="fl-e7"/>
      </object_component>
      <object_component id="oc-1bc">
         <name>.debug_abbrev</name>
         <load_address>0x105c</load_address>
         <run_address>0x105c</run_address>
         <size>0x4b</size>
         <input_file_ref idref="fl-e7"/>
      </object_component>
      <object_component id="oc-e2">
         <name>.debug_abbrev</name>
         <load_address>0x10a7</load_address>
         <run_address>0x10a7</run_address>
         <size>0x55</size>
         <input_file_ref idref="fl-e8"/>
      </object_component>
      <object_component id="oc-204">
         <name>.debug_abbrev</name>
         <load_address>0x10fc</load_address>
         <run_address>0x10fc</run_address>
         <size>0xf</size>
      </object_component>
      <object_component id="oc-196">
         <name>.debug_str</name>
         <load_address>0x0</load_address>
         <run_address>0x0</run_address>
         <size>0x1619</size>
         <input_file_ref idref="fl-2"/>
      </object_component>
      <object_component id="oc-d2">
         <name>.debug_str</name>
         <load_address>0x1619</load_address>
         <run_address>0x1619</run_address>
         <size>0x2d7</size>
         <input_file_ref idref="fl-2"/>
      </object_component>
      <object_component id="oc-19b">
         <name>.debug_str</name>
         <load_address>0x18f0</load_address>
         <run_address>0x18f0</run_address>
         <size>0x4cf</size>
         <input_file_ref idref="fl-2"/>
      </object_component>
      <object_component id="oc-fa">
         <name>.debug_str</name>
         <load_address>0x1dbf</load_address>
         <run_address>0x1dbf</run_address>
         <size>0xfa</size>
         <input_file_ref idref="fl-2"/>
      </object_component>
      <object_component id="oc-14c">
         <name>.debug_str</name>
         <load_address>0x1eb9</load_address>
         <run_address>0x1eb9</run_address>
         <size>0x366</size>
         <input_file_ref idref="fl-2"/>
      </object_component>
      <object_component id="oc-155">
         <name>.debug_str</name>
         <load_address>0x221f</load_address>
         <run_address>0x221f</run_address>
         <size>0x1e2</size>
         <input_file_ref idref="fl-2"/>
      </object_component>
      <object_component id="oc-cb">
         <name>.debug_str</name>
         <load_address>0x2401</load_address>
         <run_address>0x2401</run_address>
         <size>0x16f</size>
         <input_file_ref idref="fl-2"/>
      </object_component>
      <object_component id="oc-33">
         <name>.debug_str</name>
         <load_address>0x2570</load_address>
         <run_address>0x2570</run_address>
         <size>0xfa</size>
         <input_file_ref idref="fl-5"/>
      </object_component>
      <object_component id="oc-191">
         <name>.debug_str</name>
         <load_address>0x266a</load_address>
         <run_address>0x266a</run_address>
         <size>0xd8</size>
         <input_file_ref idref="fl-e"/>
      </object_component>
      <object_component id="oc-15c">
         <name>.debug_str</name>
         <load_address>0x2742</load_address>
         <run_address>0x2742</run_address>
         <size>0x37b</size>
         <input_file_ref idref="fl-e"/>
      </object_component>
      <object_component id="oc-3e">
         <name>.debug_str</name>
         <load_address>0x2abd</load_address>
         <run_address>0x2abd</run_address>
         <size>0x10b</size>
         <input_file_ref idref="fl-df"/>
      </object_component>
      <object_component id="oc-86">
         <name>.debug_str</name>
         <load_address>0x2bc8</load_address>
         <run_address>0x2bc8</run_address>
         <size>0x143</size>
         <input_file_ref idref="fl-df"/>
      </object_component>
      <object_component id="oc-2e">
         <name>.debug_str</name>
         <load_address>0x2d0b</load_address>
         <run_address>0x2d0b</run_address>
         <size>0x118</size>
         <input_file_ref idref="fl-e0"/>
      </object_component>
      <object_component id="oc-d7">
         <name>.debug_str</name>
         <load_address>0x2e23</load_address>
         <run_address>0x2e23</run_address>
         <size>0x16e</size>
         <input_file_ref idref="fl-e0"/>
      </object_component>
      <object_component id="oc-7f">
         <name>.debug_str</name>
         <load_address>0x2f91</load_address>
         <run_address>0x2f91</run_address>
         <size>0x15b</size>
         <input_file_ref idref="fl-e0"/>
      </object_component>
      <object_component id="oc-1b4">
         <name>.debug_str</name>
         <load_address>0x30ec</load_address>
         <run_address>0x30ec</run_address>
         <size>0xed</size>
         <input_file_ref idref="fl-e7"/>
      </object_component>
      <object_component id="oc-1ca">
         <name>.debug_str</name>
         <load_address>0x31d9</load_address>
         <run_address>0x31d9</run_address>
         <size>0x15a</size>
         <input_file_ref idref="fl-e7"/>
      </object_component>
      <object_component id="oc-1b9">
         <name>.debug_str</name>
         <load_address>0x3333</load_address>
         <run_address>0x3333</run_address>
         <size>0x153</size>
         <input_file_ref idref="fl-e7"/>
      </object_component>
      <object_component id="oc-1be">
         <name>.debug_str</name>
         <load_address>0x3486</load_address>
         <run_address>0x3486</run_address>
         <size>0x19a</size>
         <input_file_ref idref="fl-e7"/>
      </object_component>
      <object_component id="oc-193">
         <name>.debug_pubtypes</name>
         <load_address>0x0</load_address>
         <run_address>0x0</run_address>
         <size>0x2ce</size>
         <input_file_ref idref="fl-2"/>
      </object_component>
      <object_component id="oc-cf">
         <name>.debug_pubtypes</name>
         <load_address>0x2ce</load_address>
         <run_address>0x2ce</run_address>
         <size>0x25c</size>
         <input_file_ref idref="fl-2"/>
      </object_component>
      <object_component id="oc-198">
         <name>.debug_pubtypes</name>
         <load_address>0x52a</load_address>
         <run_address>0x52a</run_address>
         <size>0xdd</size>
         <input_file_ref idref="fl-2"/>
      </object_component>
      <object_component id="oc-f7">
         <name>.debug_pubtypes</name>
         <load_address>0x607</load_address>
         <run_address>0x607</run_address>
         <size>0xff</size>
         <input_file_ref idref="fl-2"/>
      </object_component>
      <object_component id="oc-149">
         <name>.debug_pubtypes</name>
         <load_address>0x706</load_address>
         <run_address>0x706</run_address>
         <size>0x325</size>
         <input_file_ref idref="fl-2"/>
      </object_component>
      <object_component id="oc-152">
         <name>.debug_pubtypes</name>
         <load_address>0xa2b</load_address>
         <run_address>0xa2b</run_address>
         <size>0x12e</size>
         <input_file_ref idref="fl-2"/>
      </object_component>
      <object_component id="oc-c8">
         <name>.debug_pubtypes</name>
         <load_address>0xb59</load_address>
         <run_address>0xb59</run_address>
         <size>0xaa</size>
         <input_file_ref idref="fl-2"/>
      </object_component>
      <object_component id="oc-30">
         <name>.debug_pubtypes</name>
         <load_address>0xc03</load_address>
         <run_address>0xc03</run_address>
         <size>0xed</size>
         <input_file_ref idref="fl-5"/>
      </object_component>
      <object_component id="oc-18e">
         <name>.debug_pubtypes</name>
         <load_address>0xcf0</load_address>
         <run_address>0xcf0</run_address>
         <size>0x1b</size>
         <input_file_ref idref="fl-e"/>
      </object_component>
      <object_component id="oc-159">
         <name>.debug_pubtypes</name>
         <load_address>0xd0b</load_address>
         <run_address>0xd0b</run_address>
         <size>0x16a</size>
         <input_file_ref idref="fl-e"/>
      </object_component>
      <object_component id="oc-3b">
         <name>.debug_pubtypes</name>
         <load_address>0xe75</load_address>
         <run_address>0xe75</run_address>
         <size>0x48</size>
         <input_file_ref idref="fl-df"/>
      </object_component>
      <object_component id="oc-83">
         <name>.debug_pubtypes</name>
         <load_address>0xebd</load_address>
         <run_address>0xebd</run_address>
         <size>0x1d</size>
         <input_file_ref idref="fl-df"/>
      </object_component>
      <object_component id="oc-2b">
         <name>.debug_pubtypes</name>
         <load_address>0xeda</load_address>
         <run_address>0xeda</run_address>
         <size>0x5d</size>
         <input_file_ref idref="fl-e0"/>
      </object_component>
      <object_component id="oc-d4">
         <name>.debug_pubtypes</name>
         <load_address>0xf37</load_address>
         <run_address>0xf37</run_address>
         <size>0x48</size>
         <input_file_ref idref="fl-e0"/>
      </object_component>
      <object_component id="oc-7c">
         <name>.debug_pubtypes</name>
         <load_address>0xf7f</load_address>
         <run_address>0xf7f</run_address>
         <size>0x35</size>
         <input_file_ref idref="fl-e0"/>
      </object_component>
      <object_component id="oc-1b1">
         <name>.debug_pubtypes</name>
         <load_address>0xfb4</load_address>
         <run_address>0xfb4</run_address>
         <size>0x32</size>
         <input_file_ref idref="fl-e7"/>
      </object_component>
      <object_component id="oc-1c7">
         <name>.debug_pubtypes</name>
         <load_address>0xfe6</load_address>
         <run_address>0xfe6</run_address>
         <size>0x30</size>
         <input_file_ref idref="fl-e7"/>
      </object_component>
      <object_component id="oc-1b6">
         <name>.debug_pubtypes</name>
         <load_address>0x1016</load_address>
         <run_address>0x1016</run_address>
         <size>0x2c</size>
         <input_file_ref idref="fl-e7"/>
      </object_component>
      <object_component id="oc-1bb">
         <name>.debug_pubtypes</name>
         <load_address>0x1042</load_address>
         <run_address>0x1042</run_address>
         <size>0x50</size>
         <input_file_ref idref="fl-e7"/>
      </object_component>
      <object_component id="oc-bb">
         <name>.debug_frame</name>
         <load_address>0x0</load_address>
         <run_address>0x0</run_address>
         <size>0x60</size>
         <input_file_ref idref="fl-e"/>
      </object_component>
      <object_component id="oc-13f">
         <name>.debug_frame</name>
         <load_address>0x60</load_address>
         <run_address>0x60</run_address>
         <size>0x58</size>
         <input_file_ref idref="fl-e"/>
      </object_component>
      <object_component id="oc-a0">
         <name>.debug_frame</name>
         <load_address>0xb8</load_address>
         <run_address>0xb8</run_address>
         <size>0x60</size>
         <input_file_ref idref="fl-e"/>
      </object_component>
      <object_component id="oc-74">
         <name>.debug_frame</name>
         <load_address>0x118</load_address>
         <run_address>0x118</run_address>
         <size>0x5c</size>
         <input_file_ref idref="fl-e"/>
      </object_component>
      <object_component id="oc-b3">
         <name>.debug_frame</name>
         <load_address>0x174</load_address>
         <run_address>0x174</run_address>
         <size>0x54</size>
         <input_file_ref idref="fl-18"/>
      </object_component>
      <object_component id="oc-ee">
         <name>.debug_frame</name>
         <load_address>0x1c8</load_address>
         <run_address>0x1c8</run_address>
         <size>0x58</size>
         <input_file_ref idref="fl-1b"/>
      </object_component>
      <object_component id="oc-e8">
         <name>.debug_frame</name>
         <load_address>0x220</load_address>
         <run_address>0x220</run_address>
         <size>0x60</size>
         <input_file_ref idref="fl-1b"/>
      </object_component>
      <object_component id="oc-184">
         <name>.debug_frame</name>
         <load_address>0x280</load_address>
         <run_address>0x280</run_address>
         <size>0x58</size>
         <input_file_ref idref="fl-1b"/>
      </object_component>
      <object_component id="oc-18a">
         <name>.debug_frame</name>
         <load_address>0x2d8</load_address>
         <run_address>0x2d8</run_address>
         <size>0x58</size>
         <input_file_ref idref="fl-1b"/>
      </object_component>
      <object_component id="oc-68">
         <name>.debug_frame</name>
         <load_address>0x330</load_address>
         <run_address>0x330</run_address>
         <size>0x58</size>
         <input_file_ref idref="fl-1e"/>
      </object_component>
      <object_component id="oc-6e">
         <name>.debug_frame</name>
         <load_address>0x388</load_address>
         <run_address>0x388</run_address>
         <size>0x54</size>
         <input_file_ref idref="fl-1e"/>
      </object_component>
      <object_component id="oc-1f">
         <name>.debug_frame</name>
         <load_address>0x3dc</load_address>
         <run_address>0x3dc</run_address>
         <size>0x54</size>
         <input_file_ref idref="fl-df"/>
      </object_component>
      <object_component id="oc-15">
         <name>.debug_frame</name>
         <load_address>0x430</load_address>
         <run_address>0x430</run_address>
         <size>0x60</size>
         <input_file_ref idref="fl-e0"/>
      </object_component>
      <object_component id="oc-56">
         <name>.debug_frame</name>
         <load_address>0x490</load_address>
         <run_address>0x490</run_address>
         <size>0x58</size>
         <input_file_ref idref="fl-e1"/>
      </object_component>
      <object_component id="oc-100">
         <name>.debug_frame</name>
         <load_address>0x4e8</load_address>
         <run_address>0x4e8</run_address>
         <size>0x54</size>
         <input_file_ref idref="fl-e2"/>
      </object_component>
      <object_component id="oc-10c">
         <name>.debug_frame</name>
         <load_address>0x53c</load_address>
         <run_address>0x53c</run_address>
         <size>0x5c</size>
         <input_file_ref idref="fl-e7"/>
      </object_component>
      <object_component id="oc-9a">
         <name>.debug_frame</name>
         <load_address>0x598</load_address>
         <run_address>0x598</run_address>
         <size>0x54</size>
         <input_file_ref idref="fl-e8"/>
      </object_component>
      <object_component id="oc-b8">
         <name>.debug_aranges</name>
         <load_address>0x0</load_address>
         <run_address>0x0</run_address>
         <size>0x20</size>
         <input_file_ref idref="fl-e"/>
      </object_component>
      <object_component id="oc-13c">
         <name>.debug_aranges</name>
         <load_address>0x20</load_address>
         <run_address>0x20</run_address>
         <size>0x20</size>
         <input_file_ref idref="fl-e"/>
      </object_component>
      <object_component id="oc-9f">
         <name>.debug_aranges</name>
         <load_address>0x40</load_address>
         <run_address>0x40</run_address>
         <size>0x20</size>
         <input_file_ref idref="fl-e"/>
      </object_component>
      <object_component id="oc-73">
         <name>.debug_aranges</name>
         <load_address>0x60</load_address>
         <run_address>0x60</run_address>
         <size>0x20</size>
         <input_file_ref idref="fl-e"/>
      </object_component>
      <object_component id="oc-b1">
         <name>.debug_aranges</name>
         <load_address>0x80</load_address>
         <run_address>0x80</run_address>
         <size>0x20</size>
         <input_file_ref idref="fl-18"/>
      </object_component>
      <object_component id="oc-eb">
         <name>.debug_aranges</name>
         <load_address>0xa0</load_address>
         <run_address>0xa0</run_address>
         <size>0x20</size>
         <input_file_ref idref="fl-1b"/>
      </object_component>
      <object_component id="oc-e5">
         <name>.debug_aranges</name>
         <load_address>0xc0</load_address>
         <run_address>0xc0</run_address>
         <size>0x20</size>
         <input_file_ref idref="fl-1b"/>
      </object_component>
      <object_component id="oc-181">
         <name>.debug_aranges</name>
         <load_address>0xe0</load_address>
         <run_address>0xe0</run_address>
         <size>0x20</size>
         <input_file_ref idref="fl-1b"/>
      </object_component>
      <object_component id="oc-187">
         <name>.debug_aranges</name>
         <load_address>0x100</load_address>
         <run_address>0x100</run_address>
         <size>0x20</size>
         <input_file_ref idref="fl-1b"/>
      </object_component>
      <object_component id="oc-66">
         <name>.debug_aranges</name>
         <load_address>0x120</load_address>
         <run_address>0x120</run_address>
         <size>0x20</size>
         <input_file_ref idref="fl-1e"/>
      </object_component>
      <object_component id="oc-6c">
         <name>.debug_aranges</name>
         <load_address>0x140</load_address>
         <run_address>0x140</run_address>
         <size>0x20</size>
         <input_file_ref idref="fl-1e"/>
      </object_component>
      <object_component id="oc-1c">
         <name>.debug_aranges</name>
         <load_address>0x160</load_address>
         <run_address>0x160</run_address>
         <size>0x20</size>
         <input_file_ref idref="fl-df"/>
      </object_component>
      <object_component id="oc-18">
         <name>.debug_aranges</name>
         <load_address>0x180</load_address>
         <run_address>0x180</run_address>
         <size>0x20</size>
         <input_file_ref idref="fl-e0"/>
      </object_component>
      <object_component id="oc-55">
         <name>.debug_aranges</name>
         <load_address>0x1a0</load_address>
         <run_address>0x1a0</run_address>
         <size>0x20</size>
         <input_file_ref idref="fl-e1"/>
      </object_component>
      <object_component id="oc-fe">
         <name>.debug_aranges</name>
         <load_address>0x1c0</load_address>
         <run_address>0x1c0</run_address>
         <size>0x20</size>
         <input_file_ref idref="fl-e2"/>
      </object_component>
      <object_component id="oc-36">
         <name>.debug_aranges</name>
         <load_address>0x1e0</load_address>
         <run_address>0x1e0</run_address>
         <size>0x20</size>
         <input_file_ref idref="fl-e5"/>
      </object_component>
      <object_component id="oc-10a">
         <name>.debug_aranges</name>
         <load_address>0x200</load_address>
         <run_address>0x200</run_address>
         <size>0x20</size>
         <input_file_ref idref="fl-e7"/>
      </object_component>
      <object_component id="oc-98">
         <name>.debug_aranges</name>
         <load_address>0x220</load_address>
         <run_address>0x220</run_address>
         <size>0x20</size>
         <input_file_ref idref="fl-e8"/>
      </object_component>
      <object_component id="oc-bf">
         <name>.debug_pubnames</name>
         <load_address>0x0</load_address>
         <run_address>0x0</run_address>
         <size>0x6f</size>
         <input_file_ref idref="fl-e"/>
      </object_component>
      <object_component id="oc-f1">
         <name>.debug_pubnames</name>
         <load_address>0x6f</load_address>
         <run_address>0x6f</run_address>
         <size>0x1e</size>
         <input_file_ref idref="fl-e"/>
      </object_component>
      <object_component id="oc-f4">
         <name>.debug_pubnames</name>
         <load_address>0x8d</load_address>
         <run_address>0x8d</run_address>
         <size>0x26</size>
         <input_file_ref idref="fl-e"/>
      </object_component>
      <object_component id="oc-c5">
         <name>.debug_pubnames</name>
         <load_address>0xb3</load_address>
         <run_address>0xb3</run_address>
         <size>0x1e</size>
         <input_file_ref idref="fl-e"/>
      </object_component>
      <object_component id="oc-c2">
         <name>.debug_pubnames</name>
         <load_address>0xd1</load_address>
         <run_address>0xd1</run_address>
         <size>0x1b</size>
         <input_file_ref idref="fl-e"/>
      </object_component>
      <object_component id="oc-bc">
         <name>.debug_pubnames</name>
         <load_address>0xec</load_address>
         <run_address>0xec</run_address>
         <size>0x21</size>
         <input_file_ref idref="fl-e"/>
      </object_component>
      <object_component id="oc-140">
         <name>.debug_pubnames</name>
         <load_address>0x10d</load_address>
         <run_address>0x10d</run_address>
         <size>0x2c</size>
         <input_file_ref idref="fl-e"/>
      </object_component>
      <object_component id="oc-9e">
         <name>.debug_pubnames</name>
         <load_address>0x139</load_address>
         <run_address>0x139</run_address>
         <size>0x1b</size>
         <input_file_ref idref="fl-e"/>
      </object_component>
      <object_component id="oc-72">
         <name>.debug_pubnames</name>
         <load_address>0x154</load_address>
         <run_address>0x154</run_address>
         <size>0x27</size>
         <input_file_ref idref="fl-e"/>
      </object_component>
      <object_component id="oc-b2">
         <name>.debug_pubnames</name>
         <load_address>0x17b</load_address>
         <run_address>0x17b</run_address>
         <size>0x21</size>
         <input_file_ref idref="fl-18"/>
      </object_component>
      <object_component id="oc-ec">
         <name>.debug_pubnames</name>
         <load_address>0x19c</load_address>
         <run_address>0x19c</run_address>
         <size>0x2b</size>
         <input_file_ref idref="fl-1b"/>
      </object_component>
      <object_component id="oc-e6">
         <name>.debug_pubnames</name>
         <load_address>0x1c7</load_address>
         <run_address>0x1c7</run_address>
         <size>0x2a</size>
         <input_file_ref idref="fl-1b"/>
      </object_component>
      <object_component id="oc-182">
         <name>.debug_pubnames</name>
         <load_address>0x1f1</load_address>
         <run_address>0x1f1</run_address>
         <size>0x2e</size>
         <input_file_ref idref="fl-1b"/>
      </object_component>
      <object_component id="oc-188">
         <name>.debug_pubnames</name>
         <load_address>0x21f</load_address>
         <run_address>0x21f</run_address>
         <size>0x2e</size>
         <input_file_ref idref="fl-1b"/>
      </object_component>
      <object_component id="oc-25">
         <name>.debug_pubnames</name>
         <load_address>0x24d</load_address>
         <run_address>0x24d</run_address>
         <size>0x27</size>
         <input_file_ref idref="fl-1e"/>
      </object_component>
      <object_component id="oc-67">
         <name>.debug_pubnames</name>
         <load_address>0x274</load_address>
         <run_address>0x274</run_address>
         <size>0x24</size>
         <input_file_ref idref="fl-1e"/>
      </object_component>
      <object_component id="oc-6d">
         <name>.debug_pubnames</name>
         <load_address>0x298</load_address>
         <run_address>0x298</run_address>
         <size>0x26</size>
         <input_file_ref idref="fl-1e"/>
      </object_component>
      <object_component id="oc-1d">
         <name>.debug_pubnames</name>
         <load_address>0x2be</load_address>
         <run_address>0x2be</run_address>
         <size>0x2b</size>
         <input_file_ref idref="fl-df"/>
      </object_component>
      <object_component id="oc-17">
         <name>.debug_pubnames</name>
         <load_address>0x2e9</load_address>
         <run_address>0x2e9</run_address>
         <size>0x2b</size>
         <input_file_ref idref="fl-e0"/>
      </object_component>
      <object_component id="oc-28">
         <name>.debug_pubnames</name>
         <load_address>0x314</load_address>
         <run_address>0x314</run_address>
         <size>0x1e</size>
         <input_file_ref idref="fl-e1"/>
      </object_component>
      <object_component id="oc-54">
         <name>.debug_pubnames</name>
         <load_address>0x332</load_address>
         <run_address>0x332</run_address>
         <size>0x26</size>
         <input_file_ref idref="fl-e1"/>
      </object_component>
      <object_component id="oc-ff">
         <name>.debug_pubnames</name>
         <load_address>0x358</load_address>
         <run_address>0x358</run_address>
         <size>0x1c</size>
         <input_file_ref idref="fl-e2"/>
      </object_component>
      <object_component id="oc-37">
         <name>.debug_pubnames</name>
         <load_address>0x374</load_address>
         <run_address>0x374</run_address>
         <size>0x1d</size>
         <input_file_ref idref="fl-e5"/>
      </object_component>
      <object_component id="oc-109">
         <name>.debug_pubnames</name>
         <load_address>0x391</load_address>
         <run_address>0x391</run_address>
         <size>0x35</size>
         <input_file_ref idref="fl-e7"/>
      </object_component>
      <object_component id="oc-99">
         <name>.debug_pubnames</name>
         <load_address>0x3c6</load_address>
         <run_address>0x3c6</run_address>
         <size>0x27</size>
         <input_file_ref idref="fl-e8"/>
      </object_component>
   </object_component_list>
   <logical_group_list>
      <logical_group id="lg-3" display="no" color="cyan">
         <name>.intvecs</name>
[...]
            <object_component_ref idref="oc-55"/>
            <object_component_ref idref="oc-fe"/>
            <object_component_ref idref="oc-36"/>
            <object_component_ref idref="oc-10a"/>
            <object_component_ref idref="oc-98"/>
         </contents>
      </logical_group>
      <logical_group id="lg-1f5" display="never" color="cyan">
         <name>.debug_pubnames</name>
         <load_address>0x0</load_address>
         <run_address>0x0</run_address>
         <size>0x3ed</size>
         <contents>
            <object_component_ref idref="oc-bf"/>
            <object_component_ref idref="oc-f1"/>
            <object_component_ref idref="oc-f4"/>
            <object_component_ref idref="oc-c5"/>
            <object_component_ref idref="oc-c2"/>
            <object_component_ref idref="oc-bc"/>
            <object_component_ref idref="oc-140"/>
            <object_component_ref idref="oc-9e"/>
            <object_component_ref idref="oc-72"/>
            <object_component_ref idref="oc-b2"/>
            <object_component_ref idref="oc-ec"/>
            <object_component_ref idref="oc-e6"/>
            <object_component_ref idref="oc-182"/>
            <object_component_ref idref="oc-188"/>
            <object_component_ref idref="oc-25"/>
            <object_component_ref idref="oc-67"/>
            <object_component_ref idref="oc-6d"/>
            <object_component_ref idref="oc-1d"/>
            <object_component_ref idref="oc-17"/>
            <object_component_ref idref="oc-28"/>
            <object_component_ref idref="oc-54"/>
            <object_component_ref idref="oc-ff"/>
            <object_component_ref idref="oc-37"/>
            <object_component_ref idref="oc-109"/>
            <object_component_ref idref="oc-99"/>
         </contents>
      </logical_group>
      <load_segment id="lg-205" display="no" color="cyan">
         <name>SEGMENT_0</name>
         <load_address>0x0</load_address>
         <run_address>0x0</run_address>
         <size>0x900</size>
         <flags>0x5</flags>
         <contents>
            <logical_group_ref idref="lg-3"/>
            <logical_group_ref idref="lg-4"/>
            <logical_group_ref idref="lg-6"/>
         </contents>
      </load_segment>
      <load_segment id="lg-206" display="no" color="cyan">
         <name>SEGMENT_1</name>
         <run_address>0x20000000</run_address>
         <size>0x44</size>
         <flags>0x6</flags>
         <contents>
            <logical_group_ref idref="lg-e"/>
         </contents>
      </load_segment>
      <load_segment id="lg-207" display="no" color="cyan">
         <name>SEGMENT_2</name>
         <run_address>0x2000fe00</run_address>
         <size>0x200</size>
         <flags>0x6</flags>
         <contents>
            <logical_group_ref idref="lg-11"/>
         </contents>
      </load_segment>
   </logical_group_list>
   <placement_map>
      <memory_area display="yes" color="green">
         <name>MAIN</name>
         <page_id>0x0</page_id>
         <origin>0x0</origin>
         <length>0x40000</length>
         <used_space>0x900</used_space>
         <unused_space>0x3f700</unused_space>
         <attributes>RX</attributes>
         <usage_details>
            <allocated_space>
               <start_address>0x0</start_address>
               <size>0x0</size>
               <logical_group_ref idref="lg-9"/>
            </allocated_space>
            <allocated_space>
               <start_address>0x0</start_address>
               <size>0xe4</size>
               <logical_group_ref idref="lg-3"/>
            </allocated_space>
            <allocated_space>
               <start_address>0xe4</start_address>
               <size>0x7d4</size>
               <logical_group_ref idref="lg-4"/>
            </allocated_space>
            <allocated_space>
               <start_address>0x8b8</start_address>
               <size>0x48</size>
               <logical_group_ref idref="lg-6"/>
            </allocated_space>
            <available_space>
               <start_address>0x900</start_address>
               <size>0x3f700</size>
            </available_space>
         </usage_details>
      </memory_area>
      <memory_area display="yes" color="green">
         <name>INFO</name>
         <page_id>0x0</page_id>
         <origin>0x200000</origin>
         <length>0x4000</length>
         <used_space>0x0</used_space>
         <unused_space>0x4000</unused_space>
         <attributes>RX</attributes>
         <usage_details>
         </usage_details>
      </memory_area>
      <memory_area display="yes" color="green">
         <name>SRAM_CODE</name>
         <page_id>0x0</page_id>
         <origin>0x1000000</origin>
         <length>0x10000</length>
         <used_space>0x244</used_space>
         <unused_space>0xfdbc</unused_space>
         <attributes>RWX</attributes>
         <usage_details>
            <allocated_space>
               <start_address>0x1000000</start_address>
               <size>0x44</size>
               <logical_group_ref idref="lg-e"/>
            </allocated_space>
            <available_space>
               <start_address>0x1000044</start_address>
               <size>0xfdbc</size>
            </available_space>
            <allocated_space>
               <start_address>0x100fe00</start_address>
               <size>0x200</size>
               <logical_group_ref idref="lg-11"/>
            </allocated_space>
         </usage_details>
      </memory_area>
      <memory_area display="yes" color="green">
         <name>SRAM_DATA</name>
         <page_id>0x0</page_id>
         <origin>0x20000000</origin>
         <length>0x10000</length>
         <used_space>0x244</used_space>
         <unused_space>0xfdbc</unused_space>
         <attributes>RW</attributes>
         <usage_details>
            <allocated_space>
               <start_address>0x20000000</start_address>
               <size>0x44</size>
               <logical_group_ref idref="lg-e"/>
            </allocated_space>
            <available_space>
               <start_address>0x20000044</start_address>
               <size>0xfdbc</size>
            </available_space>
            <allocated_space>
               <start_address>0x2000fe00</start_address>
               <size>0x200</size>
               <logical_group_ref idref="lg-11"/>
            </allocated_space>
         </usage_details>
      </memory_area>
   </placement_map>
   <cptbl_list>
      <cptbl>
         <name>__TI_cinit_table</name>
         <cprec>
            <name>.data</name>
            <load_address>0x8b8</load_address>
            <load_size>0x38</load_size>
            <run_address>0x20000000</run_address>
            <run_size>0x44</run_size>
            <compression>lzss</compression>
         </cprec>
      </cptbl>
   </cptbl_list>
   <handler_table>
      <handler_table_name>__TI_handler_table</handler_table_name>
      <handler>
         <index>0x0</index>
         <name>__TI_decompress_lzss</name>
      </handler>
      <handler>
         <index>0x1</index>
         <name>__TI_decompress_none</name>
      </handler>
   </handler_table>
   <symbol_table>
      <symbol id="sm-1">
         <name>WDTCTL_SYM</name>
         <value>0x4000480c</value>
      </symbol>
      <symbol id="sm-2">
         <name>__TI_CINIT_Base</name>
         <value>0x8f8</value>
      </symbol>
      <symbol id="sm-3">
         <name>__TI_CINIT_Limit</name>
         <value>0x900</value>
      </symbol>
      <symbol id="sm-4">
         <name>__TI_Handler_Table_Base</name>
         <value>0x8f0</value>
      </symbol>
      <symbol id="sm-5">
         <name>__TI_Handler_Table_Limit</name>
         <value>0x8f8</value>
      </symbol>
      <symbol id="sm-6">
         <name>binit</name>
         <value>0xffffffff</value>
      </symbol>
      <symbol id="sm-7">
         <name>__binit__</name>
         <value>0xffffffff</value>
      </symbol>
      <symbol id="sm-8">
         <name>__STACK_SIZE</name>
         <value>0x200</value>
      </symbol>
      <symbol id="sm-9">
         <name>__STACK_END</name>
         <value>0x20010000</value>
      </symbol>
      <symbol id="sm-a">
         <name>__c_args__</name>
         <value>0xffffffff</value>
      </symbol>
      <symbol id="sm-b">
         <name>__TI_pprof_out_hndl</name>
         <value>0xffffffff</value>
      </symbol>
      <symbol id="sm-c">
         <name>__TI_prof_data_start</name>
         <value>0xffffffff</value>
      </symbol>
      <symbol id="sm-d">
         <name>__TI_prof_data_size</name>
         <value>0xffffffff</value>
      </symbol>
      <symbol id="sm-f4">
         <name>pulsewidth</name>
         <value>0x20000034</value>
         <object_component_ref idref="oc-bd"/>
      </symbol>
      <symbol id="sm-f5">
         <name>wantedpulsewidth</name>
         <value>0x20000036</value>
         <object_component_ref idref="oc-bd"/>
      </symbol>
      <symbol id="sm-f6">
         <name>PWMpins</name>
         <value>0x20000020</value>
         <object_component_ref idref="oc-c3"/>
      </symbol>
      <symbol id="sm-f7">
         <name>dutycycle</name>
         <value>0x20000030</value>
         <object_component_ref idref="oc-bd"/>
      </symbol>
      <symbol id="sm-f8">
         <name>state</name>
         <value>0x2000002c</value>
         <object_component_ref idref="oc-bd"/>
      </symbol>
      <symbol id="sm-f9">
         <name>pulsecount</name>
         <value>0x2000002e</value>
         <object_component_ref idref="oc-bd"/>
      </symbol>
      <symbol id="sm-fa">
         <name>timerA0_compare</name>
         <value>0x20000010</value>
         <object_component_ref idref="oc-f2"/>
      </symbol>
      <symbol id="sm-fb">
         <name>main</name>
         <value>0x2d9</value>
         <object_component_ref idref="oc-9c"/>
      </symbol>
      <symbol id="sm-fc">
         <name>incrementTimerCompare</name>
         <value>0x861</value>
         <object_component_ref idref="oc-13a"/>
      </symbol>
      <symbol id="sm-fd">
         <name>pins</name>
         <value>0x20000038</value>
         <object_component_ref idref="oc-c0"/>
      </symbol>
      <symbol id="sm-fe">
         <name>dutycyclestep</name>
         <value>0x20000032</value>
         <object_component_ref idref="oc-bd"/>
      </symbol>
      <symbol id="sm-ff">
         <name>timerA0</name>
         <value>0x20000000</value>
         <object_component_ref idref="oc-ef"/>
      </symbol>
      <symbol id="sm-100">
         <name>TA0_N_IRQHandler</name>
         <value>0x449</value>
         <object_component_ref idref="oc-70"/>
      </symbol>
      <symbol id="sm-101">
         <name>pwmControl</name>
         <value>0xe5</value>
         <object_component_ref idref="oc-b6"/>
      </symbol>
      <symbol id="sm-11d">
         <name>SystemInit</name>
         <value>0x641</value>
         <object_component_ref idref="oc-ae"/>
      </symbol>
      <symbol id="sm-148">
         <name>Timer_A_getCounterValue</name>
         <value>0x76f</value>
         <object_component_ref idref="oc-17f"/>
      </symbol>
      <symbol id="sm-149">
         <name>Timer_A_setCompareValue</name>
         <value>0x839</value>
         <object_component_ref idref="oc-185"/>
      </symbol>
      <symbol id="sm-14a">
         <name>Timer_A_initCompare</name>
         <value>0x721</value>
         <object_component_ref idref="oc-e3"/>
      </symbol>
      <symbol id="sm-14b">
         <name>Timer_A_startCounter</name>
         <value>0x881</value>
         <object_component_ref idref="oc-e9"/>
      </symbol>
      <symbol id="sm-169">
         <name>Reset_Handler</name>
         <value>0x8a5</value>
         <object_component_ref idref="oc-64"/>
      </symbol>
      <symbol id="sm-16a">
         <name>Default_Handler</name>
         <value>0x7bb</value>
         <object_component_ref idref="oc-6a"/>
      </symbol>
      <symbol id="sm-16b">
         <name>interruptVectors</name>
         <value>0x0</value>
         <object_component_ref idref="oc-23"/>
      </symbol>
      <symbol id="sm-183">
         <name>__TI_decompress_none</name>
         <value>0x897</value>
         <object_component_ref idref="oc-1a"/>
      </symbol>
      <symbol id="sm-1a6">
         <name>__TI_decompress_lzss</name>
         <value>0x6b9</value>
         <object_component_ref idref="oc-14"/>
      </symbol>
      <symbol id="sm-1b9">
         <name>__stack</name>
         <value>0x2000fe00</value>
         <object_component_ref idref="oc-26"/>
      </symbol>
      <symbol id="sm-1ba">
         <name>_c_int00_noargs</name>
         <value>0x801</value>
         <object_component_ref idref="oc-52"/>
      </symbol>
      <symbol id="sm-1c5">
         <name>C$$EXIT</name>
         <value>0x8b5</value>
         <object_component_ref idref="oc-fb"/>
      </symbol>
      <symbol id="sm-1c6">
         <name>abort</name>
         <value>0x8b5</value>
         <object_component_ref idref="oc-fb"/>
      </symbol>
      <symbol id="sm-1e3">
         <name>memcpy</name>
         <value>0x5a5</value>
         <object_component_ref idref="oc-34"/>
      </symbol>
      <symbol id="sm-1e4">
         <name>__aeabi_memcpy</name>
         <value>0x5a5</value>
         <object_component_ref idref="oc-34"/>
      </symbol>
      <symbol id="sm-1e5">
         <name>__aeabi_memcpy8</name>
         <value>0x5a5</value>
         <object_component_ref idref="oc-34"/>
      </symbol>
      <symbol id="sm-1e6">
         <name>__aeabi_memcpy4</name>
         <value>0x5a5</value>
         <object_component_ref idref="oc-34"/>
      </symbol>
      <symbol id="sm-20f">
         <name>__TI_auto_init_nobinit_nopinit</name>
         <value>0x7bd</value>
         <object_component_ref idref="oc-107"/>
      </symbol>
      <symbol id="sm-219">
         <name>_system_pre_init</name>
         <value>0x8b1</value>
         <object_component_ref idref="oc-96"/>
      </symbol>
      <symbol id="sm-21b">
         <name>__TI_static_base__</name>
         <value>0x0</value>
      </symbol>
      <symbol id="sm-21e">
         <name>__mpu_init</name>
         <value>0x0</value>
      </symbol>
      <symbol id="sm-21f">
         <name>_system_post_cinit</name>
         <value>0x0</value>
      </symbol>
      <symbol id="sm-220">
         <name>NMI_Handler</name>
         <value>0x7bb</value>
      </symbol>
      <symbol id="sm-221">
         <name>HardFault_Handler</name>
         <value>0x7bb</value>
      </symbol>
      <symbol id="sm-222">
         <name>MemManage_Handler</name>
         <value>0x7bb</value>
      </symbol>
      <symbol id="sm-223">
         <name>BusFault_Handler</name>
         <value>0x7bb</value>
      </symbol>
      <symbol id="sm-224">
         <name>UsageFault_Handler</name>
         <value>0x7bb</value>
      </symbol>
      <symbol id="sm-225">
         <name>SVC_Handler</name>
         <value>0x7bb</value>
      </symbol>
      <symbol id="sm-226">
         <name>DebugMon_Handler</name>
         <value>0x7bb</value>
      </symbol>
      <symbol id="sm-227">
         <name>PendSV_Handler</name>
         <value>0x7bb</value>
      </symbol>
      <symbol id="sm-228">
         <name>SysTick_Handler</name>
         <value>0x7bb</value>
      </symbol>
      <symbol id="sm-229">
         <name>PSS_IRQHandler</name>
         <value>0x7bb</value>
      </symbol>
      <symbol id="sm-22a">
         <name>CS_IRQHandler</name>
         <value>0x7bb</value>
      </symbol>
      <symbol id="sm-22b">
         <name>PCM_IRQHandler</name>
         <value>0x7bb</value>
      </symbol>
      <symbol id="sm-22c">
         <name>WDT_A_IRQHandler</name>
         <value>0x7bb</value>
      </symbol>
      <symbol id="sm-22d">
         <name>FPU_IRQHandler</name>
         <value>0x7bb</value>
      </symbol>
      <symbol id="sm-22e">
         <name>FLCTL_IRQHandler</name>
         <value>0x7bb</value>
      </symbol>
      <symbol id="sm-22f">
         <name>COMP_E0_IRQHandler</name>
         <value>0x7bb</value>
      </symbol>
      <symbol id="sm-230">
         <name>COMP_E1_IRQHandler</name>
         <value>0x7bb</value>
      </symbol>
      <symbol id="sm-231">
         <name>TA0_0_IRQHandler</name>
         <value>0x7bb</value>
      </symbol>
      <symbol id="sm-232">
         <name>TA0_N_IRQHandler</name>
         <value>0x449</value>
      </symbol>
      <symbol id="sm-233">
         <name>TA1_0_IRQHandler</name>
         <value>0x7bb</value>
      </symbol>
      <symbol id="sm-234">
         <name>TA1_N_IRQHandler</name>
         <value>0x7bb</value>
      </symbol>
      <symbol id="sm-235">
         <name>TA2_0_IRQHandler</name>
         <value>0x7bb</value>
      </symbol>
      <symbol id="sm-236">
         <name>TA2_N_IRQHandler</name>
         <value>0x7bb</value>
      </symbol>
      <symbol id="sm-237">
         <name>TA3_0_IRQHandler</name>
         <value>0x7bb</value>
      </symbol>
      <symbol id="sm-238">
         <name>TA3_N_IRQHandler</name>
         <value>0x7bb</value>
      </symbol>
      <symbol id="sm-239">
         <name>EUSCIA0_IRQHandler</name>
         <value>0x7bb</value>
      </symbol>
      <symbol id="sm-23a">
         <name>EUSCIA1_IRQHandler</name>
         <value>0x7bb</value>
      </symbol>
      <symbol id="sm-23b">
         <name>EUSCIA2_IRQHandler</name>
         <value>0x7bb</value>
      </symbol>
      <symbol id="sm-23c">
         <name>EUSCIA3_IRQHandler</name>
         <value>0x7bb</value>
      </symbol>
      <symbol id="sm-23d">
         <name>EUSCIB0_IRQHandler</name>
         <value>0x7bb</value>
      </symbol>
      <symbol id="sm-23e">
         <name>EUSCIB1_IRQHandler</name>
         <value>0x7bb</value>
      </symbol>
      <symbol id="sm-23f">
         <name>EUSCIB2_IRQHandler</name>
         <value>0x7bb</value>
      </symbol>
      <symbol id="sm-240">
         <name>EUSCIB3_IRQHandler</name>
         <value>0x7bb</value>
      </symbol>
      <symbol id="sm-241">
         <name>ADC14_IRQHandler</name>
         <value>0x7bb</value>
      </symbol>
      <symbol id="sm-242">
         <name>T32_INT1_IRQHandler</name>
         <value>0x7bb</value>
      </symbol>
      <symbol id="sm-243">
         <name>T32_INT2_IRQHandler</name>
         <value>0x7bb</value>
      </symbol>
      <symbol id="sm-244">
         <name>T32_INTC_IRQHandler</name>
         <value>0x7bb</value>
      </symbol>
      <symbol id="sm-245">
         <name>AES256_IRQHandler</name>
         <value>0x7bb</value>
      </symbol>
      <symbol id="sm-246">
         <name>RTC_C_IRQHandler</name>
         <value>0x7bb</value>
      </symbol>
      <symbol id="sm-247">
         <name>DMA_ERR_IRQHandler</name>
         <value>0x7bb</value>
      </symbol>
      <symbol id="sm-248">
         <name>DMA_INT3_IRQHandler</name>
         <value>0x7bb</value>
      </symbol>
      <symbol id="sm-249">
         <name>DMA_INT2_IRQHandler</name>
         <value>0x7bb</value>
      </symbol>
      <symbol id="sm-24a">
         <name>DMA_INT1_IRQHandler</name>
         <value>0x7bb</value>
      </symbol>
      <symbol id="sm-24b">
         <name>DMA_INT0_IRQHandler</name>
         <value>0x7bb</value>
      </symbol>
      <symbol id="sm-24c">
         <name>PORT1_IRQHandler</name>
         <value>0x7bb</value>
      </symbol>
      <symbol id="sm-24d">
         <name>PORT2_IRQHandler</name>
         <value>0x7bb</value>
      </symbol>
      <symbol id="sm-24e">
         <name>PORT3_IRQHandler</name>
         <value>0x7bb</value>
      </symbol>
      <symbol id="sm-24f">
         <name>PORT4_IRQHandler</name>
         <value>0x7bb</value>
      </symbol>
      <symbol id="sm-250">
         <name>PORT5_IRQHandler</name>
         <value>0x7bb</value>
      </symbol>
      <symbol id="sm-251">
         <name>PORT6_IRQHandler</name>
         <value>0x7bb</value>
      </symbol>
   </symbol_table>
   <title>Link successful</title>
</link_info>
