******************************************************************************
                  TI ARM Linker PC v18.1.4                     
******************************************************************************
>> Linked Fri Dec 28 07:28:38 2018

OUTPUT FILE NAME:   <driverlib_empty_project_from_source_MSP_EXP432P401R_nortos_ccs.out>
ENTRY POINT SYMBOL: "_c_int00_noargs"  address: 00000801


MEMORY CONFIGURATION

         name            origin    length      used     unused   attr    fill
----------------------  --------  ---------  --------  --------  ----  --------
  MAIN                  00000000   00040000  00000900  0003f700  R  X
  INFO                  00200000   00004000  00000000  00004000  R  X
  SRAM_CODE             01000000   00010000  00000244  0000fdbc  RW X
  SRAM_DATA             20000000   00010000  00000244  0000fdbc  RW  


SEGMENT ALLOCATION MAP

run origin  load origin   length   init length attrs members
----------  ----------- ---------- ----------- ----- -------
00000000    00000000    00000900   00000900    r-x
  00000000    00000000    000000e4   000000e4    r-- .intvecs
  000000e4    000000e4    000007d4   000007d4    r-x .text
  000008b8    000008b8    00000048   00000048    r-- .cinit
20000000    20000000    00000044   00000000    rw-
  20000000    20000000    00000044   00000000    rw- .data
2000fe00    2000fe00    00000200   00000000    rw-
  2000fe00    2000fe00    00000200   00000000    rw- .stack


SECTION ALLOCATION MAP

 output                                  attributes/
section   page    origin      length       input sections
--------  ----  ----------  ----------   ----------------
.intvecs   0    00000000    000000e4     
                  00000000    000000e4     startup_msp432p401r_ccs.obj (.intvecs:retain)

.text      0    000000e4    000007d4     
                  000000e4    000001f4     main.obj (.text:pwmControl)
                  000002d8    00000170     main.obj (.text:main)
                  00000448    0000015c     main.obj (.text:TA0_N_IRQHandler)
                  000005a4    0000009c     rtsv7M4_T_le_v4SPD16_eabi.lib : memcpy_t2.asm.obj (.text)
                  00000640    00000078     system_msp432p401r.obj (.text:SystemInit)
                  000006b8    00000068     rtsv7M4_T_le_v4SPD16_eabi.lib : copy_decompress_lzss.c.obj (.text:decompress:lzss:__TI_decompress_lzss)
                  00000720    0000004e     timer_a.obj (.text:Timer_A_initCompare)
                  0000076e    0000004c     timer_a.obj (.text:Timer_A_getCounterValue)
                  000007ba    00000002     startup_msp432p401r_ccs.obj (.text:Default_Handler)
                  000007bc    00000044     rtsv7M4_T_le_v4SPD16_eabi.lib : autoinit.c.obj (.text:__TI_auto_init_nobinit_nopinit:__TI_auto_init_nobinit_nopinit)
                  00000800    00000038                                   : boot_cortex_m.c.obj (.text:_c_int00_noargs:_c_int00_noargs)
                  00000838    00000028     timer_a.obj (.text:Timer_A_setCompareValue)
                  00000860    00000020     main.obj (.text:incrementTimerCompare)
                  00000880    00000016     timer_a.obj (.text:Timer_A_startCounter)
                  00000896    0000000e     rtsv7M4_T_le_v4SPD16_eabi.lib : copy_decompress_none.c.obj (.text:decompress:none:__TI_decompress_none)
                  000008a4    0000000c     startup_msp432p401r_ccs.obj (.text:Reset_Handler)
                  000008b0    00000004     rtsv7M4_T_le_v4SPD16_eabi.lib : pre_init.c.obj (.text:_system_pre_init)
                  000008b4    00000004                                   : exit.c.obj (.text:abort:abort)

.cinit     0    000008b8    00000048     
                  000008b8    00000038     (.cinit..data.load) [load image, compression = lzss]
                  000008f0    00000008     (__TI_handler_table)
                  000008f8    00000008     (__TI_cinit_table)

.init_array 
*          0    00000000    00000000     UNINITIALIZED

.binit     0    00000000    00000000     

.data      0    20000000    00000044     UNINITIALIZED
                  20000000    00000010     main.obj (.data:timerA0)
                  20000010    00000010     main.obj (.data:timerA0_compare)
                  20000020    0000000c     main.obj (.data:PWMpins)
                  2000002c    0000000c     main.obj (.data)
                  20000038    0000000c     main.obj (.data:pins)

.stack     0    2000fe00    00000200     UNINITIALIZED
                  2000fe00    00000004     rtsv7M4_T_le_v4SPD16_eabi.lib : boot_cortex_m.c.obj (.stack)
                  2000fe04    000001fc     --HOLE--

MODULE SUMMARY

       Module                        code   ro data   rw data
       ------                        ----   -------   -------
    .\
       main.obj                      1248   0         136    
       timer_a.obj                   216    0         0      
       system_msp432p401r.obj        120    0         0      
    +--+-----------------------------+------+---------+---------+
       Total:                        1584   0         136    
                                                             
    .\ccs\
       startup_msp432p401r_ccs.obj   14     228       0      
    +--+-----------------------------+------+---------+---------+
       Total:                        14     228       0      
                                                             
    C:\ti\ccsv8\tools\compiler\ti-cgt-arm_18.1.4.LTS\lib\rtsv7M4_T_le_v4SPD16_eabi.lib
       memcpy_t2.asm.obj             156    0         0      
       copy_decompress_lzss.c.obj    104    0         0      
       autoinit.c.obj                68     0         0      
       boot_cortex_m.c.obj           56     0         0      
       copy_decompress_none.c.obj    14     0         0      
       exit.c.obj                    4      0         0      
       pre_init.c.obj                4      0         0      
    +--+-----------------------------+------+---------+---------+
       Total:                        406    0         0      
                                                             
       Stack:                        0      0         1024   
       Linker Generated:             0      72        0      
    +--+-----------------------------+------+---------+---------+
       Grand Total:                  2004   300       1160   


LINKER GENERATED COPY TABLES

__TI_cinit_table @ 000008f8 records: 1, size/record: 8, table size: 8
	.data: load addr=000008b8, load size=00000038 bytes, run addr=20000000, run size=00000044 bytes, compression=lzss


LINKER GENERATED HANDLER TABLE

__TI_handler_table @ 000008f0 records: 2, size/record: 4, table size: 8
	index: 0, handler: __TI_decompress_lzss
	index: 1, handler: __TI_decompress_none


GLOBAL SYMBOLS: SORTED ALPHABETICALLY BY Name 

address   name                          
-------   ----                          
000007bb  ADC14_IRQHandler              
000007bb  AES256_IRQHandler             
000007bb  BusFault_Handler              
000008b5  C$$EXIT                       
000007bb  COMP_E0_IRQHandler            
000007bb  COMP_E1_IRQHandler            
000007bb  CS_IRQHandler                 
000007bb  DMA_ERR_IRQHandler            
000007bb  DMA_INT0_IRQHandler           
000007bb  DMA_INT1_IRQHandler           
000007bb  DMA_INT2_IRQHandler           
000007bb  DMA_INT3_IRQHandler           
000007bb  DebugMon_Handler              
000007bb  Default_Handler               
000007bb  EUSCIA0_IRQHandler            
000007bb  EUSCIA1_IRQHandler            
000007bb  EUSCIA2_IRQHandler            
000007bb  EUSCIA3_IRQHandler            
000007bb  EUSCIB0_IRQHandler            
000007bb  EUSCIB1_IRQHandler            
000007bb  EUSCIB2_IRQHandler            
000007bb  EUSCIB3_IRQHandler            
000007bb  FLCTL_IRQHandler              
000007bb  FPU_IRQHandler                
000007bb  HardFault_Handler             
000007bb  MemManage_Handler             
000007bb  NMI_Handler                   
000007bb  PCM_IRQHandler                
000007bb  PORT1_IRQHandler              
000007bb  PORT2_IRQHandler              
000007bb  PORT3_IRQHandler              
000007bb  PORT4_IRQHandler              
000007bb  PORT5_IRQHandler              
000007bb  PORT6_IRQHandler              
000007bb  PSS_IRQHandler                
20000020  PWMpins                       
000007bb  PendSV_Handler                
000007bb  RTC_C_IRQHandler              
000008a5  Reset_Handler                 
000007bb  SVC_Handler                   
000007bb  SysTick_Handler               
00000641  SystemInit                    
000007bb  T32_INT1_IRQHandler           
000007bb  T32_INT2_IRQHandler           
000007bb  T32_INTC_IRQHandler           
000007bb  TA0_0_IRQHandler              
00000449  TA0_N_IRQHandler              
00000449  TA0_N_IRQHandler              
000007bb  TA1_0_IRQHandler              
000007bb  TA1_N_IRQHandler              
000007bb  TA2_0_IRQHandler              
000007bb  TA2_N_IRQHandler              
000007bb  TA3_0_IRQHandler              
000007bb  TA3_N_IRQHandler              
0000076f  Timer_A_getCounterValue       
00000721  Timer_A_initCompare           
00000839  Timer_A_setCompareValue       
00000881  Timer_A_startCounter          
000007bb  UsageFault_Handler            
4000480c  WDTCTL_SYM                    
000007bb  WDT_A_IRQHandler              
20010000  __STACK_END                   
00000200  __STACK_SIZE                  
000008f8  __TI_CINIT_Base               
00000900  __TI_CINIT_Limit              
000008f0  __TI_Handler_Table_Base       
000008f8  __TI_Handler_Table_Limit      
000007bd  __TI_auto_init_nobinit_nopinit
000006b9  __TI_decompress_lzss          
00000897  __TI_decompress_none          
ffffffff  __TI_pprof_out_hndl           
ffffffff  __TI_prof_data_size           
ffffffff  __TI_prof_data_start          
00000000  __TI_static_base__            
000005a5  __aeabi_memcpy                
000005a5  __aeabi_memcpy4               
000005a5  __aeabi_memcpy8               
ffffffff  __binit__                     
ffffffff  __c_args__                    
UNDEFED   __mpu_init                    
2000fe00  __stack                       
00000801  _c_int00_noargs               
UNDEFED   _system_post_cinit            
000008b1  _system_pre_init              
000008b5  abort                         
ffffffff  binit                         
20000030  dutycycle                     
20000032  dutycyclestep                 
00000861  incrementTimerCompare         
00000000  interruptVectors              
000002d9  main                          
000005a5  memcpy                        
20000038  pins                          
2000002e  pulsecount                    
20000034  pulsewidth                    
000000e5  pwmControl                    
2000002c  state                         
20000000  timerA0                       
20000010  timerA0_compare               
20000036  wantedpulsewidth              


GLOBAL SYMBOLS: SORTED BY Symbol Address 

address   name                          
-------   ----                          
00000000  __TI_static_base__            
00000000  interruptVectors              
000000e5  pwmControl                    
00000200  __STACK_SIZE                  
000002d9  main                          
00000449  TA0_N_IRQHandler              
00000449  TA0_N_IRQHandler              
000005a5  __aeabi_memcpy                
000005a5  __aeabi_memcpy4               
000005a5  __aeabi_memcpy8               
000005a5  memcpy                        
00000641  SystemInit                    
000006b9  __TI_decompress_lzss          
00000721  Timer_A_initCompare           
0000076f  Timer_A_getCounterValue       
000007bb  ADC14_IRQHandler              
000007bb  AES256_IRQHandler             
000007bb  BusFault_Handler              
000007bb  COMP_E0_IRQHandler            
000007bb  COMP_E1_IRQHandler            
000007bb  CS_IRQHandler                 
000007bb  DMA_ERR_IRQHandler            
000007bb  DMA_INT0_IRQHandler           
000007bb  DMA_INT1_IRQHandler           
000007bb  DMA_INT2_IRQHandler           
000007bb  DMA_INT3_IRQHandler           
000007bb  DebugMon_Handler              
000007bb  Default_Handler               
000007bb  EUSCIA0_IRQHandler            
000007bb  EUSCIA1_IRQHandler            
000007bb  EUSCIA2_IRQHandler            
000007bb  EUSCIA3_IRQHandler            
000007bb  EUSCIB0_IRQHandler            
000007bb  EUSCIB1_IRQHandler            
000007bb  EUSCIB2_IRQHandler            
000007bb  EUSCIB3_IRQHandler            
000007bb  FLCTL_IRQHandler              
000007bb  FPU_IRQHandler                
000007bb  HardFault_Handler             
000007bb  MemManage_Handler             
000007bb  NMI_Handler                   
000007bb  PCM_IRQHandler                
000007bb  PORT1_IRQHandler              
000007bb  PORT2_IRQHandler              
000007bb  PORT3_IRQHandler              
000007bb  PORT4_IRQHandler              
000007bb  PORT5_IRQHandler              
000007bb  PORT6_IRQHandler              
000007bb  PSS_IRQHandler                
000007bb  PendSV_Handler                
000007bb  RTC_C_IRQHandler              
000007bb  SVC_Handler                   
000007bb  SysTick_Handler               
000007bb  T32_INT1_IRQHandler           
000007bb  T32_INT2_IRQHandler           
000007bb  T32_INTC_IRQHandler           
000007bb  TA0_0_IRQHandler              
000007bb  TA1_0_IRQHandler              
000007bb  TA1_N_IRQHandler              
000007bb  TA2_0_IRQHandler              
000007bb  TA2_N_IRQHandler              
000007bb  TA3_0_IRQHandler              
000007bb  TA3_N_IRQHandler              
000007bb  UsageFault_Handler            
000007bb  WDT_A_IRQHandler              
000007bd  __TI_auto_init_nobinit_nopinit
00000801  _c_int00_noargs               
00000839  Timer_A_setCompareValue       
00000861  incrementTimerCompare         
00000881  Timer_A_startCounter          
00000897  __TI_decompress_none          
000008a5  Reset_Handler                 
000008b1  _system_pre_init              
000008b5  C$$EXIT                       
000008b5  abort                         
000008f0  __TI_Handler_Table_Base       
000008f8  __TI_CINIT_Base               
000008f8  __TI_Handler_Table_Limit      
00000900  __TI_CINIT_Limit              
20000000  timerA0                       
20000010  timerA0_compare               
20000020  PWMpins                       
2000002c  state                         
2000002e  pulsecount                    
20000030  dutycycle                     
20000032  dutycyclestep                 
20000034  pulsewidth                    
20000036  wantedpulsewidth              
20000038  pins                          
2000fe00  __stack                       
20010000  __STACK_END                   
4000480c  WDTCTL_SYM                    
ffffffff  __TI_pprof_out_hndl           
ffffffff  __TI_prof_data_size           
ffffffff  __TI_prof_data_start          
ffffffff  __binit__                     
ffffffff  __c_args__                    
ffffffff  binit                         
UNDEFED   __mpu_init                    
UNDEFED   _system_post_cinit            

[100 symbols]
